<html>
<body>
<pre>
<h1>礦ision Build Log</h1>
<h2>Tool Versions:</h2>
IDE-Version: μVision V5.14.0.0
Copyright (C) 2015 ARM Ltd and ARM Germany GmbH. All rights reserved.
License Information: Meng Wesley, SDU, LIC=WHYH9-4BQ60-KPJZY-I5TH7-RU7XK-3M4B0
 
Tool Versions:
Toolchain:       MDK-ARM Standard  Version: 5.14.0.0
Toolchain Path:  C:\Keil_v5\ARM\ARMCC\Bin
C Compiler:      Armcc.exe V5.05 update 1 (build 106)
Assembler:       Armasm.exe V5.05 update 1 (build 106)
Linker/Locator:  ArmLink.exe V5.05 update 1 (build 106)
Library Manager: ArmAr.exe V5.05 update 1 (build 106)
Hex Converter:   FromElf.exe V5.05 update 1 (build 106)
CPU DLL:         SARMCM3.DLL V5.14.0.0
Dialog DLL:      DARMSTM.DLL V1.65.0.0
Target DLL:      STLink\ST-LINKIII-KEIL_SWO.dll V2.0.14.0_KEIL
Dialog DLL:      TARMSTM.DLL V1.64.0.0
 
<h2>Project:</h2>
C:\Users\Wesley\Desktop\GPS与GSM联调\USER\test.uvprojx
Project File Date:  05/21/2021

<h2>Output:</h2>
Rebuild target 'Target 1'
compiling main.c...
sim800c.h(12): warning:  #1295-D: Deprecated declaration connectTCP - give arg types
  void connectTCP();
sim800c.h(14): warning:  #1295-D: Deprecated declaration checkConnection - give arg types
  u8 checkConnection();
main.c: 2 warnings, 0 errors
compiling stm32f10x_it.c...
compiling system_stm32f10x.c...
compiling core_cm3.c...
assembling startup_stm32f10x_hd.s...
compiling gps.c...
compiling key.c...
compiling lcd.c...
compiling led.c...
compiling timer.c...
..\USER\sim800c.h(12): warning:  #1295-D: Deprecated declaration connectTCP - give arg types
  void connectTCP();
..\USER\sim800c.h(14): warning:  #1295-D: Deprecated declaration checkConnection - give arg types
  u8 checkConnection();
..\HARDWARE\TIMER\timer.c(139): warning:  #1-D: last line of file ends without a newline
  }
..\HARDWARE\TIMER\timer.c: 3 warnings, 0 errors
compiling usart3.c...
..\HARDWARE\USART3\usart3.c(129): warning:  #1-D: last line of file ends without a newline
  }
..\HARDWARE\USART3\usart3.c: 1 warning, 0 errors
compiling usart2.c...
compiling sim800c.c...
sim800c.h(12): warning:  #1295-D: Deprecated declaration connectTCP - give arg types
  void connectTCP();
sim800c.h(14): warning:  #1295-D: Deprecated declaration checkConnection - give arg types
  u8 checkConnection();
sim800c.c(40): warning:  #177-D: variable "p2" was declared but never referenced
                u8 *p2;
sim800c.c(105): warning:  #177-D: variable "connectsta" was declared but never referenced
        u8 connectsta = 0;                                                                                         //0,正在连接;1,连接成功;2,连接关闭;
sim800c.c(137): warning:  #1-D: last line of file ends without a newline
  }
sim800c.c: 5 warnings, 0 errors
compiling delay.c...
compiling sys.c...
compiling usart.c...
compiling misc.c...
compiling stm32f10x_usart.c...
compiling stm32f10x_tim.c...
compiling stm32f10x_rcc.c...
compiling stm32f10x_pwr.c...
compiling stm32f10x_gpio.c...
compiling stm32f10x_fsmc.c...
compiling usmart.c...
compiling usmart_config.c...
compiling usmart_str.c...
linking...
Program Size: Code=33912 RO-data=7180 RW-data=392 ZI-data=5064  
FromELF: creating hex file...
"..\OBJ\test.axf" - 0 Error(s), 11 Warning(s).

<h2>Collection of Component include folders:</h2>
  C:\Users\Wesley\Desktop\GPS与GSM联调\USER\RTE
  C:\Keil_v5\ARM\PACK\Keil\STM32F1xx_DFP\1.0.5\Device\Include

<h2>Collection of Component Files used:</h2>
</pre>
</body>
</html>
