<html>
<body>
<pre>
<h1>礦ision Build Log</h1>
<h2>Tool Versions:</h2>
IDE-Version: μVision V5.14.0.0
Copyright (C) 2015 ARM Ltd and ARM Germany GmbH. All rights reserved.
License Information: wx z, sdu, LIC=UJWP0-BQ15L-SBDEJ-U9UGL-KZDPY-YZWV9
 
Tool Versions:
Toolchain:       MDK-ARM Standard  Version: 5.14.0.0
Toolchain Path:  E:\keil\ARM\ARMCC\Bin
C Compiler:      Armcc.exe V5.05 update 1 (build 106)
Assembler:       Armasm.exe V5.05 update 1 (build 106)
Linker/Locator:  ArmLink.exe V5.05 update 1 (build 106)
Library Manager: ArmAr.exe V5.05 update 1 (build 106)
Hex Converter:   FromElf.exe V5.05 update 1 (build 106)
CPU DLL:         SARMCM3.DLL V5.14.0.0
Dialog DLL:      DARMSTM.DLL V1.65.0.0
Target DLL:      STLink\ST-LINKIII-KEIL_SWO.dll V2.0.14.0_KEIL
Dialog DLL:      TARMSTM.DLL V1.64.0.0
 
<h2>Project:</h2>
C:\Users\17852\Documents\Tencent Files\483307109\FileRecv\GPS与GSM联调\USER\test.uvprojx
Project File Date:  05/21/2021

<h2>Output:</h2>
Build target 'Target 1'
compiling main.c...
sim800c.h(12): warning:  #1295-D: Deprecated declaration connectTCP - give arg types
  void connectTCP();
sim800c.h(14): warning:  #1295-D: Deprecated declaration checkConnection - give arg types
  u8 checkConnection();
main.c: 2 warnings, 0 errors
linking...
Program Size: Code=33984 RO-data=7180 RW-data=392 ZI-data=5064  
FromELF: creating hex file...
"..\OBJ\test.axf" - 0 Error(s), 2 Warning(s).

<h2>Collection of Component include folders:</h2>
  C:\Users\17852\Documents\Tencent Files\483307109\FileRecv\GPS与GSM联调\USER\RTE
  E:\keil\ARM\PACK\Keil\STM32F1xx_DFP\1.0.5\Device\Include

<h2>Collection of Component Files used:</h2>
</pre>
</body>
</html>
