Component: ARM Compiler 5.05 update 1 (build 106) Tool: armlink [4d0efa]

==============================================================================

Section Cross References

    main.o(i.Gps_Msg_Show) refers to _printf_pad.o(.text) for _printf_pre_padding
    main.o(i.Gps_Msg_Show) refers to _printf_percent.o(.ARM.Collect$$_printf_percent$$00000000) for _printf_percent
    main.o(i.Gps_Msg_Show) refers to _printf_f.o(.ARM.Collect$$_printf_percent$$00000003) for _printf_f
    main.o(i.Gps_Msg_Show) refers to _printf_c.o(.ARM.Collect$$_printf_percent$$00000013) for _printf_c
    main.o(i.Gps_Msg_Show) refers to printf1.o(x$fpl$printf1) for _printf_fp_dec
    main.o(i.Gps_Msg_Show) refers to _printf_str.o(.text) for _printf_str
    main.o(i.Gps_Msg_Show) refers to _printf_s.o(.ARM.Collect$$_printf_percent$$00000014) for _printf_s
    main.o(i.Gps_Msg_Show) refers to _printf_d.o(.ARM.Collect$$_printf_percent$$00000009) for _printf_d
    main.o(i.Gps_Msg_Show) refers to _printf_dec.o(.text) for _printf_int_dec
    main.o(i.Gps_Msg_Show) refers to fflt_clz.o(x$fpl$ffltu) for __aeabi_ui2f
    main.o(i.Gps_Msg_Show) refers to fdiv.o(x$fpl$fdiv) for __aeabi_fdiv
    main.o(i.Gps_Msg_Show) refers to f2d.o(x$fpl$f2d) for __aeabi_f2d
    main.o(i.Gps_Msg_Show) refers to __2sprintf.o(.text) for __2sprintf
    main.o(i.Gps_Msg_Show) refers to lcd.o(i.LCD_ShowString) for LCD_ShowString
    main.o(i.Gps_Msg_Show) refers to fflt_clz.o(x$fpl$fflt) for __aeabi_i2f
    main.o(i.Gps_Msg_Show) refers to lcd.o(.data) for POINT_COLOR
    main.o(i.Gps_Msg_Show) refers to main.o(.bss) for .bss
    main.o(i.Gps_Msg_Show) refers to main.o(.data) for .data
    main.o(i.main) refers to _printf_percent.o(.ARM.Collect$$_printf_percent$$00000000) for _printf_percent
    main.o(i.main) refers to _printf_f.o(.ARM.Collect$$_printf_percent$$00000003) for _printf_f
    main.o(i.main) refers to printf1.o(x$fpl$printf1) for _printf_fp_dec
    main.o(i.main) refers to delay.o(i.delay_init) for delay_init
    main.o(i.main) refers to misc.o(i.NVIC_PriorityGroupConfig) for NVIC_PriorityGroupConfig
    main.o(i.main) refers to usart.o(i.uart_init) for uart_init
    main.o(i.main) refers to led.o(i.LED_Init) for LED_Init
    main.o(i.main) refers to key.o(i.KEY_Init) for KEY_Init
    main.o(i.main) refers to lcd.o(i.LCD_Init) for LCD_Init
    main.o(i.main) refers to usart3.o(i.usart3_init) for usart3_init
    main.o(i.main) refers to usart2.o(i.usart2_init) for usart2_init
    main.o(i.main) refers to lcd.o(i.LCD_ShowString) for LCD_ShowString
    main.o(i.main) refers to sim800c.o(i.connectTCP) for connectTCP
    main.o(i.main) refers to sim800c.o(i.checkConnection) for checkConnection
    main.o(i.main) refers to sim800c.o(i.sendString) for sendString
    main.o(i.main) refers to gps.o(i.SkyTra_Cfg_Rate) for SkyTra_Cfg_Rate
    main.o(i.main) refers to gps.o(i.SkyTra_Cfg_Prt) for SkyTra_Cfg_Prt
    main.o(i.main) refers to gps.o(i.SkyTra_Cfg_Tp) for SkyTra_Cfg_Tp
    main.o(i.main) refers to delay.o(i.delay_ms) for delay_ms
    main.o(i.main) refers to lcd.o(i.LCD_Fill) for LCD_Fill
    main.o(i.main) refers to gps.o(i.GPS_Analysis) for GPS_Analysis
    main.o(i.main) refers to main.o(i.Gps_Msg_Show) for Gps_Msg_Show
    main.o(i.main) refers to fflt_clz.o(x$fpl$ffltu) for __aeabi_ui2f
    main.o(i.main) refers to fdiv.o(x$fpl$fdiv) for __aeabi_fdiv
    main.o(i.main) refers to f2d.o(x$fpl$f2d) for __aeabi_f2d
    main.o(i.main) refers to __2sprintf.o(.text) for __2sprintf
    main.o(i.main) refers to key.o(i.KEY_Scan) for KEY_Scan
    main.o(i.main) refers to usmart_config.o(.data) for usmart_dev
    main.o(i.main) refers to lcd.o(.data) for POINT_COLOR
    main.o(i.main) refers to usart2.o(.data) for USART2_RX_STA
    main.o(i.main) refers to usart2.o(.bss) for USART2_RX_BUF
    main.o(i.main) refers to main.o(.bss) for .bss
    main.o(.data) refers to main.o(.conststring) for .conststring
    system_stm32f10x.o(i.SystemCoreClockUpdate) refers to system_stm32f10x.o(.data) for .data
    system_stm32f10x.o(i.SystemInit) refers to system_stm32f10x.o(i.SetSysClockTo72) for SetSysClockTo72
    startup_stm32f10x_hd.o(STACK) refers (Special) to heapauxi.o(.text) for __use_two_region_memory
    startup_stm32f10x_hd.o(HEAP) refers (Special) to heapauxi.o(.text) for __use_two_region_memory
    startup_stm32f10x_hd.o(RESET) refers (Special) to heapauxi.o(.text) for __use_two_region_memory
    startup_stm32f10x_hd.o(RESET) refers to startup_stm32f10x_hd.o(STACK) for __initial_sp
    startup_stm32f10x_hd.o(RESET) refers to startup_stm32f10x_hd.o(.text) for Reset_Handler
    startup_stm32f10x_hd.o(RESET) refers to stm32f10x_it.o(i.NMI_Handler) for NMI_Handler
    startup_stm32f10x_hd.o(RESET) refers to stm32f10x_it.o(i.HardFault_Handler) for HardFault_Handler
    startup_stm32f10x_hd.o(RESET) refers to stm32f10x_it.o(i.MemManage_Handler) for MemManage_Handler
[...]
    i.u3_printf                              0x08006c14   Section        0  usart3.o(i.u3_printf)
    i.uart_init                              0x08006c60   Section        0  usart.o(i.uart_init)
    i.usart2_init                            0x08006d00   Section        0  usart2.o(i.usart2_init)
    i.usart3_init                            0x08006dd0   Section        0  usart3.o(i.usart3_init)
    i.usmart_cmd_rec                         0x08006e9c   Section        0  usmart.o(i.usmart_cmd_rec)
    i.usmart_exe                             0x08006f30   Section        0  usmart.o(i.usmart_exe)
    i.usmart_get_aparm                       0x08007190   Section        0  usmart_str.o(i.usmart_get_aparm)
    i.usmart_get_cmdname                     0x0800722c   Section        0  usmart_str.o(i.usmart_get_cmdname)
    i.usmart_get_fname                       0x0800725c   Section        0  usmart_str.o(i.usmart_get_fname)
    i.usmart_get_fparam                      0x080073c4   Section        0  usmart_str.o(i.usmart_get_fparam)
    i.usmart_get_parmpos                     0x08007494   Section        0  usmart_str.o(i.usmart_get_parmpos)
    i.usmart_get_runtime                     0x080074b8   Section        0  usmart.o(i.usmart_get_runtime)
    i.usmart_init                            0x080074f0   Section        0  usmart.o(i.usmart_init)
    i.usmart_pow                             0x08007518   Section        0  usmart_str.o(i.usmart_pow)
    i.usmart_reset_runtime                   0x08007528   Section        0  usmart.o(i.usmart_reset_runtime)
    i.usmart_scan                            0x08007558   Section        0  usmart.o(i.usmart_scan)
    i.usmart_search_nextc                    0x080075fc   Section        0  usmart_str.o(i.usmart_search_nextc)
    i.usmart_str2num                         0x0800760c   Section        0  usmart_str.o(i.usmart_str2num)
    i.usmart_strcmp                          0x080076ac   Section        0  usmart_str.o(i.usmart_strcmp)
    i.usmart_strcopy                         0x080076c4   Section        0  usmart_str.o(i.usmart_strcopy)
    i.usmart_strlen                          0x080076d6   Section        0  usmart_str.o(i.usmart_strlen)
    i.usmart_sys_cmd_exe                     0x080076e8   Section        0  usmart.o(i.usmart_sys_cmd_exe)
    i.write_addr                             0x08007d58   Section        0  usmart.o(i.write_addr)
    locale$$code                             0x08007d5c   Section       44  lc_numeric_c.o(locale$$code)
    locale$$code                             0x08007d88   Section       44  lc_ctype_c.o(locale$$code)
    x$fpl$dfixu                              0x08007db4   Section       90  dfixu.o(x$fpl$dfixu)
    x$fpl$dfltu                              0x08007e0e   Section       38  dflt_clz.o(x$fpl$dfltu)
    x$fpl$dmul                               0x08007e34   Section      340  dmul.o(x$fpl$dmul)
    x$fpl$dnaninf                            0x08007f88   Section      156  dnaninf.o(x$fpl$dnaninf)
    x$fpl$dretinf                            0x08008024   Section       12  dretinf.o(x$fpl$dretinf)
    x$fpl$f2d                                0x08008030   Section       86  f2d.o(x$fpl$f2d)
    x$fpl$fadd                               0x08008088   Section      196  faddsub_clz.o(x$fpl$fadd)
    _fadd1                                   0x08008097   Thumb Code     0  faddsub_clz.o(x$fpl$fadd)
    x$fpl$fdiv                               0x0800814c   Section      388  fdiv.o(x$fpl$fdiv)
    _fdiv1                                   0x0800814d   Thumb Code     0  fdiv.o(x$fpl$fdiv)
    x$fpl$ffixu                              0x080082d0   Section       62  ffixu.o(x$fpl$ffixu)
    x$fpl$fflt                               0x08008310   Section       48  fflt_clz.o(x$fpl$fflt)
    x$fpl$ffltu                              0x08008340   Section       38  fflt_clz.o(x$fpl$ffltu)
    x$fpl$fmul                               0x08008368   Section      258  fmul.o(x$fpl$fmul)
    x$fpl$fnaninf                            0x0800846a   Section      140  fnaninf.o(x$fpl$fnaninf)
    x$fpl$fretinf                            0x080084f6   Section       10  fretinf.o(x$fpl$fretinf)
    x$fpl$fsub                               0x08008500   Section      234  faddsub_clz.o(x$fpl$fsub)
    _fsub1                                   0x0800850f   Thumb Code     0  faddsub_clz.o(x$fpl$fsub)
    x$fpl$printf1                            0x080085ea   Section        4  printf1.o(x$fpl$printf1)
    x$fpl$usenofp                            0x080085ee   Section        0  usenofp.o(x$fpl$usenofp)
    .constdata                               0x080085f0   Section       36  gps.o(.constdata)
    .constdata                               0x08008614   Section     6080  lcd.o(.constdata)
    .constdata                               0x08009dd4   Section       40  _printf_hex_int_ll_ptr.o(.constdata)
    uc_hextab                                0x08009dd4   Data          20  _printf_hex_int_ll_ptr.o(.constdata)
    lc_hextab                                0x08009de8   Data          20  _printf_hex_int_ll_ptr.o(.constdata)
    .constdata                               0x08009dfc   Section       17  __printf_flags_ss_wp.o(.constdata)
    maptable                                 0x08009dfc   Data          17  __printf_flags_ss_wp.o(.constdata)
    .constdata                               0x08009e10   Section        8  _printf_wctomb.o(.constdata)
    initial_mbstate                          0x08009e10   Data           8  _printf_wctomb.o(.constdata)
    .constdata                               0x08009e18   Section      148  bigflt0.o(.constdata)
    tenpwrs_x                                0x08009e18   Data          60  bigflt0.o(.constdata)
    tenpwrs_i                                0x08009e54   Data          64  bigflt0.o(.constdata)
    .conststring                             0x08009eac   Section       21  main.o(.conststring)
    .conststring                             0x08009ec4   Section       40  usmart.o(.conststring)
    .conststring                             0x08009eec   Section      148  usmart_config.o(.conststring)
    locale$$data                             0x08009fa0   Section       28  lc_numeric_c.o(locale$$data)
    __lcnum_c_name                           0x08009fa4   Data           2  lc_numeric_c.o(locale$$data)
    __lcnum_c_start                          0x08009fac   Data           0  lc_numeric_c.o(locale$$data)
    __lcnum_c_point                          0x08009fb8   Data           0  lc_numeric_c.o(locale$$data)
    __lcnum_c_thousands                      0x08009fba   Data           0  lc_numeric_c.o(locale$$data)
    __lcnum_c_grouping                       0x08009fbb   Data           0  lc_numeric_c.o(locale$$data)
    locale$$data                             0x08009fbc   Section      272  lc_ctype_c.o(locale$$data)
    __lcnum_c_end                            0x08009fbc   Data           0  lc_numeric_c.o(locale$$data)
    __lcctype_c_name                         0x08009fc0   Data           2  lc_ctype_c.o(locale$$data)
    __lcctype_c_start                        0x08009fc8   Data           0  lc_ctype_c.o(locale$$data)
    __lcctype_c_end                          0x0800a0cc   Data           0  lc_ctype_c.o(locale$$data)
    .data                                    0x20000000   Section       16  main.o(.data)
    .data                                    0x20000010   Section       20  system_stm32f10x.o(.data)
    .data                                    0x20000024   Section        1  key.o(.data)
    key_up                                   0x20000024   Data           1  key.o(.data)
    .data                                    0x20000026   Section        4  lcd.o(.data)
    .data                                    0x2000002a   Section        1  timer.o(.data)
    i                                        0x2000002a   Data           1  timer.o(.data)
    .data                                    0x2000002c   Section        2  usart3.o(.data)
    .data                                    0x2000002e   Section        2  usart2.o(.data)
    .data                                    0x20000030   Section        2  sim800c.o(.data)
    .data                                    0x20000032   Section        4  delay.o(.data)
    fac_us                                   0x20000032   Data           1  delay.o(.data)
    fac_ms                                   0x20000034   Data           2  delay.o(.data)
    .data                                    0x20000036   Section        2  usart.o(.data)
    .data                                    0x20000038   Section        4  usart.o(.data)
    .data                                    0x2000003c   Section       20  stm32f10x_rcc.o(.data)
    ADCPrescTable                            0x2000003c   Data           4  stm32f10x_rcc.o(.data)
    APBAHBPrescTable                         0x20000040   Data          16  stm32f10x_rcc.o(.data)
    .data                                    0x20000050   Section       28  usmart.o(.data)
    .data                                    0x2000006c   Section       40  usmart_config.o(.data)
    .data                                    0x20000094   Section      244  usmart_config.o(.data)
    .bss                                     0x20000188   Section      818  main.o(.bss)
    .bss                                     0x200004ba   Section       14  lcd.o(.bss)
    .bss                                     0x200004c8   Section     1200  usart3.o(.bss)
    .bss                                     0x20000978   Section     1200  usart2.o(.bss)
    .bss                                     0x20000e28   Section      200  usart.o(.bss)
    .bss                                     0x20000ef0   Section       96  libspace.o(.bss)
    HEAP                                     0x20000f50   Section      512  startup_stm32f10x_hd.o(HEAP)
    Heap_Mem                                 0x20000f50   Data         512  startup_stm32f10x_hd.o(HEAP)
    STACK                                    0x20001150   Section     1024  startup_stm32f10x_hd.o(STACK)
    Stack_Mem                                0x20001150   Data        1024  startup_stm32f10x_hd.o(STACK)
    __initial_sp                             0x20001550   Data           0  startup_stm32f10x_hd.o(STACK)

    Global Symbols

    Symbol Name                              Value     Ov Type        Size  Object(Section)

    BuildAttributes$$THM_ISAv4$P$D$K$B$S$PE$A:L22UL41UL21$X:L11$S22US41US21$IEEE1$IW$USESV6$~STKCKD$USESV7$~SHL$OTIME$ROPI$IEEEJ$EBA8$UX$STANDARDLIB$REQ8$PRES8$EABIv2 0x00000000   Number         0  anon$$obj.o ABSOLUTE
    __ARM_use_no_argv                        0x00000000   Number         0  main.o ABSOLUTE
    _printf_flags                            0x00000000   Number         0  printf_stubs.o ABSOLUTE
    _printf_return_value                     0x00000000   Number         0  printf_stubs.o ABSOLUTE
    _printf_sizespec                         0x00000000   Number         0  printf_stubs.o ABSOLUTE
    _printf_widthprec                        0x00000000   Number         0  printf_stubs.o ABSOLUTE
    __ARM_exceptions_init                     - Undefined Weak Reference
    __alloca_initialize                       - Undefined Weak Reference
    __arm_preinit_                            - Undefined Weak Reference
    __cpp_initialize__aeabi_                  - Undefined Weak Reference
    __cxa_finalize                            - Undefined Weak Reference
    __sigvec_lookup                           - Undefined Weak Reference
    _atexit_init                              - Undefined Weak Reference
    _call_atexit_fns                          - Undefined Weak Reference
    _clock_init                               - Undefined Weak Reference
    _fp_trap_init                             - Undefined Weak Reference
    _fp_trap_shutdown                         - Undefined Weak Reference
    _get_lc_collate                           - Undefined Weak Reference
    _get_lc_monetary                          - Undefined Weak Reference
    _get_lc_time                              - Undefined Weak Reference
    _getenv_init                              - Undefined Weak Reference
    _handle_redirection                       - Undefined Weak Reference
    _init_alloc                               - Undefined Weak Reference
    _init_user_alloc                          - Undefined Weak Reference
    _initio                                   - Undefined Weak Reference
    _mutex_acquire                            - Undefined Weak Reference
    _mutex_release                            - Undefined Weak Reference
    _printf_fp_hex                            - Undefined Weak Reference
    _printf_mbtowc                            - Undefined Weak Reference
    _printf_wc                                - Undefined Weak Reference
    _rand_init                                - Undefined Weak Reference
    _signal_finish                            - Undefined Weak Reference
    _signal_init                              - Undefined Weak Reference
    _terminate_alloc                          - Undefined Weak Reference
    _terminate_user_alloc                     - Undefined Weak Reference
    _terminateio                              - Undefined Weak Reference
    __Vectors_Size                           0x00000130   Number         0  startup_stm32f10x_hd.o ABSOLUTE
    __Vectors                                0x08000000   Data           4  startup_stm32f10x_hd.o(RESET)
    __Vectors_End                            0x08000130   Data           0  startup_stm32f10x_hd.o(RESET)
    __main                                   0x08000131   Thumb Code     8  __main.o(!!!main)
    __scatterload                            0x08000139   Thumb Code     0  __scatter.o(!!!scatter)
    __scatterload_rt2                        0x08000139   Thumb Code    44  __scatter.o(!!!scatter)
    __scatterload_rt2_thumb_only             0x08000139   Thumb Code     0  __scatter.o(!!!scatter)
    __scatterload_null                       0x08000147   Thumb Code     0  __scatter.o(!!!scatter)
    __decompress                             0x0800016d   Thumb Code    90  __dczerorl2.o(!!dczerorl2)
    __decompress1                            0x0800016d   Thumb Code     0  __dczerorl2.o(!!dczerorl2)
    __scatterload_zeroinit                   0x080001c9   Thumb Code    28  __scatter_zi.o(!!handler_zi)
    _printf_n                                0x080001e5   Thumb Code     0  _printf_n.o(.ARM.Collect$$_printf_percent$$00000001)
    _printf_percent                          0x080001e5   Thumb Code     0  _printf_percent.o(.ARM.Collect$$_printf_percent$$00000000)
    _printf_p                                0x080001eb   Thumb Code     0  _printf_p.o(.ARM.Collect$$_printf_percent$$00000002)
    _printf_f                                0x080001f1   Thumb Code     0  _printf_f.o(.ARM.Collect$$_printf_percent$$00000003)
    _printf_e                                0x080001f7   Thumb Code     0  _printf_e.o(.ARM.Collect$$_printf_percent$$00000004)
    _printf_g                                0x080001fd   Thumb Code     0  _printf_g.o(.ARM.Collect$$_printf_percent$$00000005)
    _printf_a                                0x08000203   Thumb Code     0  _printf_a.o(.ARM.Collect$$_printf_percent$$00000006)
    _printf_ll                               0x08000209   Thumb Code     0  _printf_ll.o(.ARM.Collect$$_printf_percent$$00000007)
    _printf_i                                0x08000213   Thumb Code     0  _printf_i.o(.ARM.Collect$$_printf_percent$$00000008)
    _printf_d                                0x08000219   Thumb Code     0  _printf_d.o(.ARM.Collect$$_printf_percent$$00000009)
    _printf_u                                0x0800021f   Thumb Code     0  _printf_u.o(.ARM.Collect$$_printf_percent$$0000000A)
    _printf_o                                0x08000225   Thumb Code     0  _printf_o.o(.ARM.Collect$$_printf_percent$$0000000B)
    _printf_x                                0x0800022b   Thumb Code     0  _printf_x.o(.ARM.Collect$$_printf_percent$$0000000C)
    _printf_lli                              0x08000231   Thumb Code     0  _printf_lli.o(.ARM.Collect$$_printf_percent$$0000000D)
    _printf_lld                              0x08000237   Thumb Code     0  _printf_lld.o(.ARM.Collect$$_printf_percent$$0000000E)
    _printf_llu                              0x0800023d   Thumb Code     0  _printf_llu.o(.ARM.Collect$$_printf_percent$$0000000F)
    _printf_llo                              0x08000243   Thumb Code     0  _printf_llo.o(.ARM.Collect$$_printf_percent$$00000010)
    _printf_llx                              0x08000249   Thumb Code     0  _printf_llx.o(.ARM.Collect$$_printf_percent$$00000011)
    _printf_l                                0x0800024f   Thumb Code     0  _printf_l.o(.ARM.Collect$$_printf_percent$$00000012)
    _printf_c                                0x08000259   Thumb Code     0  _printf_c.o(.ARM.Collect$$_printf_percent$$00000013)
    _printf_s                                0x0800025f   Thumb Code     0  _printf_s.o(.ARM.Collect$$_printf_percent$$00000014)
    _printf_lc                               0x08000265   Thumb Code     0  _printf_lc.o(.ARM.Collect$$_printf_percent$$00000015)
    _printf_ls                               0x0800026b   Thumb Code     0  _printf_ls.o(.ARM.Collect$$_printf_percent$$00000016)
    _printf_percent_end                      0x08000271   Thumb Code     0  _printf_percent_end.o(.ARM.Collect$$_printf_percent$$00000017)
    __rt_lib_init                            0x08000275   Thumb Code     0  libinit.o(.ARM.Collect$$libinit$$00000000)
    __rt_lib_init_fp_1                       0x08000277   Thumb Code     0  libinit2.o(.ARM.Collect$$libinit$$00000002)
    __rt_lib_init_heap_1                     0x08000277   Thumb Code     0  libinit2.o(.ARM.Collect$$libinit$$0000000A)
    __rt_lib_init_lc_common                  0x08000277   Thumb Code     0  libinit2.o(.ARM.Collect$$libinit$$0000000F)
    __rt_lib_init_preinit_1                  0x08000277   Thumb Code     0  libinit2.o(.ARM.Collect$$libinit$$00000004)
    __rt_lib_init_rand_1                     0x08000277   Thumb Code     0  libinit2.o(.ARM.Collect$$libinit$$0000000E)
    __rt_lib_init_user_alloc_1               0x08000277   Thumb Code     0  libinit2.o(.ARM.Collect$$libinit$$0000000C)
    __rt_lib_init_lc_collate_1               0x0800027d   Thumb Code     0  libinit2.o(.ARM.Collect$$libinit$$00000011)
    __rt_lib_init_lc_ctype_2                 0x0800027d   Thumb Code     0  libinit2.o(.ARM.Collect$$libinit$$00000012)
    __rt_lib_init_lc_ctype_1                 0x08000289   Thumb Code     0  libinit2.o(.ARM.Collect$$libinit$$00000013)
    __rt_lib_init_lc_monetary_1              0x08000289   Thumb Code     0  libinit2.o(.ARM.Collect$$libinit$$00000015)
    __rt_lib_init_lc_numeric_2               0x08000289   Thumb Code     0  libinit2.o(.ARM.Collect$$libinit$$00000016)
    __rt_lib_init_alloca_1                   0x08000293   Thumb Code     0  libinit2.o(.ARM.Collect$$libinit$$0000002E)
    __rt_lib_init_argv_1                     0x08000293   Thumb Code     0  libinit2.o(.ARM.Collect$$libinit$$0000002C)
    __rt_lib_init_atexit_1                   0x08000293   Thumb Code     0  libinit2.o(.ARM.Collect$$libinit$$0000001B)
    __rt_lib_init_clock_1                    0x08000293   Thumb Code     0  libinit2.o(.ARM.Collect$$libinit$$00000021)
    __rt_lib_init_cpp_1                      0x08000293   Thumb Code     0  libinit2.o(.ARM.Collect$$libinit$$00000032)
    __rt_lib_init_exceptions_1               0x08000293   Thumb Code     0  libinit2.o(.ARM.Collect$$libinit$$00000030)
    __rt_lib_init_fp_trap_1                  0x08000293   Thumb Code     0  libinit2.o(.ARM.Collect$$libinit$$0000001F)
    __rt_lib_init_getenv_1                   0x08000293   Thumb Code     0  libinit2.o(.ARM.Collect$$libinit$$00000023)
    __rt_lib_init_lc_numeric_1               0x08000293   Thumb Code     0  libinit2.o(.ARM.Collect$$libinit$$00000017)
    __rt_lib_init_lc_time_1                  0x08000293   Thumb Code     0  libinit2.o(.ARM.Collect$$libinit$$00000019)
    __rt_lib_init_return                     0x08000293   Thumb Code     0  libinit2.o(.ARM.Collect$$libinit$$00000033)
    __rt_lib_init_signal_1                   0x08000293   Thumb Code     0  libinit2.o(.ARM.Collect$$libinit$$0000001D)
    __rt_lib_init_stdio_1                    0x08000293   Thumb Code     0  libinit2.o(.ARM.Collect$$libinit$$00000025)
    __rt_lib_shutdown                        0x08000295   Thumb Code     0  libshutdown.o(.ARM.Collect$$libshutdown$$00000000)
    __rt_lib_shutdown_fp_trap_1              0x08000297   Thumb Code     0  libshutdown2.o(.ARM.Collect$$libshutdown$$00000006)
    __rt_lib_shutdown_heap_1                 0x08000297   Thumb Code     0  libshutdown2.o(.ARM.Collect$$libshutdown$$0000000E)
    __rt_lib_shutdown_return                 0x08000297   Thumb Code     0  libshutdown2.o(.ARM.Collect$$libshutdown$$0000000F)
    __rt_lib_shutdown_signal_1               0x08000297   Thumb Code     0  libshutdown2.o(.ARM.Collect$$libshutdown$$00000009)
    __rt_lib_shutdown_stdio_1                0x08000297   Thumb Code     0  libshutdown2.o(.ARM.Collect$$libshutdown$$00000003)
    __rt_lib_shutdown_user_alloc_1           0x08000297   Thumb Code     0  libshutdown2.o(.ARM.Collect$$libshutdown$$0000000B)
    __rt_entry                               0x08000299   Thumb Code     0  __rtentry.o(.ARM.Collect$$rtentry$$00000000)
    __rt_entry_presh_1                       0x08000299   Thumb Code     0  __rtentry2.o(.ARM.Collect$$rtentry$$00000002)
    __rt_entry_sh                            0x08000299   Thumb Code     0  __rtentry4.o(.ARM.Collect$$rtentry$$00000004)
    __rt_entry_li                            0x0800029f   Thumb Code     0  __rtentry2.o(.ARM.Collect$$rtentry$$0000000A)
    __rt_entry_postsh_1                      0x0800029f   Thumb Code     0  __rtentry2.o(.ARM.Collect$$rtentry$$00000009)
    __rt_entry_main                          0x080002a3   Thumb Code     0  __rtentry2.o(.ARM.Collect$$rtentry$$0000000D)
    __rt_entry_postli_1                      0x080002a3   Thumb Code     0  __rtentry2.o(.ARM.Collect$$rtentry$$0000000C)
    __rt_exit                                0x080002ab   Thumb Code     0  rtexit.o(.ARM.Collect$$rtexit$$00000000)
    __rt_exit_ls                             0x080002ad   Thumb Code     0  rtexit2.o(.ARM.Collect$$rtexit$$00000003)
    __rt_exit_prels_1                        0x080002ad   Thumb Code     0  rtexit2.o(.ARM.Collect$$rtexit$$00000002)
    __rt_exit_exit                           0x080002b1   Thumb Code     0  rtexit2.o(.ARM.Collect$$rtexit$$00000004)
    Reset_Handler                            0x080002b9   Thumb Code     8  startup_stm32f10x_hd.o(.text)
    ADC1_2_IRQHandler                        0x080002d3   Thumb Code     0  startup_stm32f10x_hd.o(.text)
    ADC3_IRQHandler                          0x080002d3   Thumb Code     0  startup_stm32f10x_hd.o(.text)
    CAN1_RX1_IRQHandler                      0x080002d3   Thumb Code     0  startup_stm32f10x_hd.o(.text)
    CAN1_SCE_IRQHandler                      0x080002d3   Thumb Code     0  startup_stm32f10x_hd.o(.text)
    DMA1_Channel1_IRQHandler                 0x080002d3   Thumb Code     0  startup_stm32f10x_hd.o(.text)
    DMA1_Channel2_IRQHandler                 0x080002d3   Thumb Code     0  startup_stm32f10x_hd.o(.text)
    DMA1_Channel3_IRQHandler                 0x080002d3   Thumb Code     0  startup_stm32f10x_hd.o(.text)
    DMA1_Channel4_IRQHandler                 0x080002d3   Thumb Code     0  startup_stm32f10x_hd.o(.text)
    DMA1_Channel5_IRQHandler                 0x080002d3   Thumb Code     0  startup_stm32f10x_hd.o(.text)
    DMA1_Channel6_IRQHandler                 0x080002d3   Thumb Code     0  startup_stm32f10x_hd.o(.text)
    DMA1_Channel7_IRQHandler                 0x080002d3   Thumb Code     0  startup_stm32f10x_hd.o(.text)
    DMA2_Channel1_IRQHandler                 0x080002d3   Thumb Code     0  startup_stm32f10x_hd.o(.text)
    DMA2_Channel2_IRQHandler                 0x080002d3   Thumb Code     0  startup_stm32f10x_hd.o(.text)
    DMA2_Channel3_IRQHandler                 0x080002d3   Thumb Code     0  startup_stm32f10x_hd.o(.text)
    DMA2_Channel4_5_IRQHandler               0x080002d3   Thumb Code     0  startup_stm32f10x_hd.o(.text)
    EXTI0_IRQHandler                         0x080002d3   Thumb Code     0  startup_stm32f10x_hd.o(.text)
    EXTI15_10_IRQHandler                     0x080002d3   Thumb Code     0  startup_stm32f10x_hd.o(.text)
    EXTI1_IRQHandler                         0x080002d3   Thumb Code     0  startup_stm32f10x_hd.o(.text)
    EXTI2_IRQHandler                         0x080002d3   Thumb Code     0  startup_stm32f10x_hd.o(.text)
    EXTI3_IRQHandler                         0x080002d3   Thumb Code     0  startup_stm32f10x_hd.o(.text)
    EXTI4_IRQHandler                         0x080002d3   Thumb Code     0  startup_stm32f10x_hd.o(.text)
    EXTI9_5_IRQHandler                       0x080002d3   Thumb Code     0  startup_stm32f10x_hd.o(.text)
    FLASH_IRQHandler                         0x080002d3   Thumb Code     0  startup_stm32f10x_hd.o(.text)
    FSMC_IRQHandler                          0x080002d3   Thumb Code     0  startup_stm32f10x_hd.o(.text)
    I2C1_ER_IRQHandler                       0x080002d3   Thumb Code     0  startup_stm32f10x_hd.o(.text)
    I2C1_EV_IRQHandler                       0x080002d3   Thumb Code     0  startup_stm32f10x_hd.o(.text)
    I2C2_ER_IRQHandler                       0x080002d3   Thumb Code     0  startup_stm32f10x_hd.o(.text)
    I2C2_EV_IRQHandler                       0x080002d3   Thumb Code     0  startup_stm32f10x_hd.o(.text)
    PVD_IRQHandler                           0x080002d3   Thumb Code     0  startup_stm32f10x_hd.o(.text)
    RCC_IRQHandler                           0x080002d3   Thumb Code     0  startup_stm32f10x_hd.o(.text)
    RTCAlarm_IRQHandler                      0x080002d3   Thumb Code     0  startup_stm32f10x_hd.o(.text)
    RTC_IRQHandler                           0x080002d3   Thumb Code     0  startup_stm32f10x_hd.o(.text)
    SDIO_IRQHandler                          0x080002d3   Thumb Code     0  startup_stm32f10x_hd.o(.text)
    SPI1_IRQHandler                          0x080002d3   Thumb Code     0  startup_stm32f10x_hd.o(.text)
    SPI2_IRQHandler                          0x080002d3   Thumb Code     0  startup_stm32f10x_hd.o(.text)
    SPI3_IRQHandler                          0x080002d3   Thumb Code     0  startup_stm32f10x_hd.o(.text)
    TAMPER_IRQHandler                        0x080002d3   Thumb Code     0  startup_stm32f10x_hd.o(.text)
    TIM1_BRK_IRQHandler                      0x080002d3   Thumb Code     0  startup_stm32f10x_hd.o(.text)
    TIM1_CC_IRQHandler                       0x080002d3   Thumb Code     0  startup_stm32f10x_hd.o(.text)
    TIM1_TRG_COM_IRQHandler                  0x080002d3   Thumb Code     0  startup_stm32f10x_hd.o(.text)
    TIM1_UP_IRQHandler                       0x080002d3   Thumb Code     0  startup_stm32f10x_hd.o(.text)
    TIM2_IRQHandler                          0x080002d3   Thumb Code     0  startup_stm32f10x_hd.o(.text)
    TIM3_IRQHandler                          0x080002d3   Thumb Code     0  startup_stm32f10x_hd.o(.text)
    TIM5_IRQHandler                          0x080002d3   Thumb Code     0  startup_stm32f10x_hd.o(.text)
    TIM8_BRK_IRQHandler                      0x080002d3   Thumb Code     0  startup_stm32f10x_hd.o(.text)
    TIM8_CC_IRQHandler                       0x080002d3   Thumb Code     0  startup_stm32f10x_hd.o(.text)
    TIM8_TRG_COM_IRQHandler                  0x080002d3   Thumb Code     0  startup_stm32f10x_hd.o(.text)
    TIM8_UP_IRQHandler                       0x080002d3   Thumb Code     0  startup_stm32f10x_hd.o(.text)
    UART4_IRQHandler                         0x080002d3   Thumb Code     0  startup_stm32f10x_hd.o(.text)
    UART5_IRQHandler                         0x080002d3   Thumb Code     0  startup_stm32f10x_hd.o(.text)
    USBWakeUp_IRQHandler                     0x080002d3   Thumb Code     0  startup_stm32f10x_hd.o(.text)
    USB_HP_CAN1_TX_IRQHandler                0x080002d3   Thumb Code     0  startup_stm32f10x_hd.o(.text)
    USB_LP_CAN1_RX0_IRQHandler               0x080002d3   Thumb Code     0  startup_stm32f10x_hd.o(.text)
    WWDG_IRQHandler                          0x080002d3   Thumb Code     0  startup_stm32f10x_hd.o(.text)
    __user_initial_stackheap                 0x080002d5   Thumb Code     0  startup_stm32f10x_hd.o(.text)
    __use_no_semihosting                     0x080002f9   Thumb Code     2  use_no_semi_2.o(.text)
    __c89vsprintf                            0x080002fd   Thumb Code    32  c89vsprintf.o(.text)
    __2printf                                0x08000321   Thumb Code    20  __2printf.o(.text)
    __2sprintf                               0x08000339   Thumb Code    38  __2sprintf.o(.text)
    _printf_pre_padding                      0x08000365   Thumb Code    44  _printf_pad.o(.text)
    _printf_post_padding                     0x08000391   Thumb Code    34  _printf_pad.o(.text)
    _printf_str                              0x080003b3   Thumb Code    82  _printf_str.o(.text)
    _printf_int_dec                          0x08000405   Thumb Code   104  _printf_dec.o(.text)
    _printf_longlong_hex                     0x0800047d   Thumb Code    86  _printf_hex_int_ll_ptr.o(.text)
    _printf_int_hex                          0x080004d3   Thumb Code    28  _printf_hex_int_ll_ptr.o(.text)
    _printf_ll_hex                           0x080004ef   Thumb Code    12  _printf_hex_int_ll_ptr.o(.text)
    _printf_hex_ptr                          0x080004fb   Thumb Code    18  _printf_hex_int_ll_ptr.o(.text)
    __printf                                 0x08000511   Thumb Code   388  __printf_flags_ss_wp.o(.text)
    strstr                                   0x08000699   Thumb Code    36  strstr.o(.text)
    strlen                                   0x080006bd   Thumb Code    62  strlen.o(.text)
    __use_two_region_memory                  0x080006fb   Thumb Code     2  heapauxi.o(.text)
    __rt_heap_escrow$2region                 0x080006fd   Thumb Code     2  heapauxi.o(.text)
    __rt_heap_expand$2region                 0x080006ff   Thumb Code     2  heapauxi.o(.text)
    __I$use$semihosting                      0x08000701   Thumb Code     0  use_no_semi.o(.text)
    __use_no_semihosting_swi                 0x08000701   Thumb Code     2  use_no_semi.o(.text)
    _printf_truncate_signed                  0x08000703   Thumb Code    18  _printf_truncate.o(.text)
    _printf_truncate_unsigned                0x08000715   Thumb Code    18  _printf_truncate.o(.text)
    _printf_int_common                       0x08000727   Thumb Code   178  _printf_intcommon.o(.text)
    _printf_charcount                        0x080007d9   Thumb Code    40  _printf_charcount.o(.text)
    __lib_sel_fp_printf                      0x08000801   Thumb Code     2  _printf_fp_dec.o(.text)
    _printf_fp_dec_real                      0x080009af   Thumb Code   620  _printf_fp_dec.o(.text)
    _printf_char_common                      0x08000c27   Thumb Code    32  _printf_char_common.o(.text)
    _sputc                                   0x08000c4d   Thumb Code    10  _sputc.o(.text)
    _printf_cs_common                        0x08000c57   Thumb Code    20  _printf_char.o(.text)
    _printf_char                             0x08000c6b   Thumb Code    16  _printf_char.o(.text)
    _printf_string                           0x08000c7b   Thumb Code     8  _printf_char.o(.text)
    _printf_char_file                        0x08000c85   Thumb Code    32  _printf_char_file.o(.text)
    _printf_wctomb                           0x08000ca9   Thumb Code   182  _printf_wctomb.o(.text)
    _printf_longlong_dec                     0x08000d65   Thumb Code   108  _printf_longlong_dec.o(.text)
    _printf_longlong_oct                     0x08000de1   Thumb Code    68  _printf_oct_int_ll.o(.text)
    _printf_int_oct                          0x08000e25   Thumb Code    24  _printf_oct_int_ll.o(.text)
    _printf_ll_oct                           0x08000e3d   Thumb Code    12  _printf_oct_int_ll.o(.text)
    __rt_locale                              0x08000e51   Thumb Code     8  rt_locale_intlibspace.o(.text)
    _ll_udiv10                               0x08000e59   Thumb Code   138  lludiv10.o(.text)
    _printf_fp_infnan                        0x08000ee5   Thumb Code   112  _printf_fp_infnan.o(.text)
    _printf_lcs_common                       0x08000f65   Thumb Code    20  _printf_wchar.o(.text)
    _printf_wchar                            0x08000f79   Thumb Code    16  _printf_wchar.o(.text)
    _printf_wstring                          0x08000f89   Thumb Code     8  _printf_wchar.o(.text)
    _btod_etento                             0x08000f91   Thumb Code   216  bigflt0.o(.text)
    ferror                                   0x0800106d   Thumb Code     8  ferror.o(.text)
    _wcrtomb                                 0x08001075   Thumb Code    64  _wcrtomb.o(.text)
    __user_libspace                          0x080010b5   Thumb Code     8  libspace.o(.text)
    __user_perproc_libspace                  0x080010b5   Thumb Code     0  libspace.o(.text)
    __user_perthread_libspace                0x080010b5   Thumb Code     0  libspace.o(.text)
    __user_setup_stackheap                   0x080010bd   Thumb Code    74  sys_stackheap_outer.o(.text)
    __rt_ctype_table                         0x08001109   Thumb Code    16  rt_ctype_table.o(.text)
    exit                                     0x08001119   Thumb Code    12  exit.o(.text)
    strcmp                                   0x08001125   Thumb Code   128  strcmpv7m.o(.text)
    _btod_d2e                                0x080011a5   Thumb Code    62  btod.o(CL$$btod_d2e)
    _d2e_denorm_low                          0x080011e3   Thumb Code    70  btod.o(CL$$btod_d2e_denorm_low)
    _d2e_norm_op1                            0x08001229   Thumb Code    96  btod.o(CL$$btod_d2e_norm_op1)
    __btod_div_common                        0x08001289   Thumb Code   696  btod.o(CL$$btod_div_common)
    _e2e                                     0x080015c1   Thumb Code   198  btod.o(CL$$btod_e2e)
    _btod_ediv                               0x08001687   Thumb Code    40  btod.o(CL$$btod_ediv)
    _btod_emul                               0x080016af   Thumb Code    40  btod.o(CL$$btod_emul)
    __btod_mult_common                       0x080016d7   Thumb Code   580  btod.o(CL$$btod_mult_common)
    BusFault_Handler                         0x0800191b   Thumb Code     2  stm32f10x_it.o(i.BusFault_Handler)
    DebugMon_Handler                         0x0800191d   Thumb Code     2  stm32f10x_it.o(i.DebugMon_Handler)
    FSMC_NORSRAMCmd                          0x08001921   Thumb Code    26  stm32f10x_fsmc.o(i.FSMC_NORSRAMCmd)
    FSMC_NORSRAMInit                         0x08001941   Thumb Code   200  stm32f10x_fsmc.o(i.FSMC_NORSRAMInit)
    GPIO_Init                                0x08001a09   Thumb Code   156  stm32f10x_gpio.o(i.GPIO_Init)
    GPIO_ReadInputDataBit                    0x08001aa5   Thumb Code    14  stm32f10x_gpio.o(i.GPIO_ReadInputDataBit)
    GPIO_SetBits                             0x08001ab3   Thumb Code     4  stm32f10x_gpio.o(i.GPIO_SetBits)
    GPS_Analysis                             0x08001ab7   Thumb Code    54  gps.o(i.GPS_Analysis)
    Gps_Msg_Show                             0x08001aed   Thumb Code   440  main.o(i.Gps_Msg_Show)
    HardFault_Handler                        0x08001dad   Thumb Code     2  stm32f10x_it.o(i.HardFault_Handler)
    KEY_Init                                 0x08001db1   Thumb Code    52  key.o(i.KEY_Init)
    KEY_Scan                                 0x08001ded   Thumb Code   190  key.o(i.KEY_Scan)
    LCD_Clear                                0x08001eb9   Thumb Code   100  lcd.o(i.LCD_Clear)
    LCD_Display_Dir                          0x08001f25   Thumb Code   304  lcd.o(i.LCD_Display_Dir)
    LCD_Fast_DrawPoint                       0x08002059   Thumb Code   276  lcd.o(i.LCD_Fast_DrawPoint)
    LCD_Fill                                 0x08002175   Thumb Code   132  lcd.o(i.LCD_Fill)
    LCD_Init                                 0x08002201   Thumb Code 11794  lcd.o(i.LCD_Init)
    LCD_RD_DATA                              0x08005019   Thumb Code    16  lcd.o(i.LCD_RD_DATA)
    LCD_ReadReg                              0x0800502d   Thumb Code    20  lcd.o(i.LCD_ReadReg)
    LCD_SSD_BackLightSet                     0x08005045   Thumb Code    50  lcd.o(i.LCD_SSD_BackLightSet)
    LCD_Scan_Dir                             0x08005081   Thumb Code   414  lcd.o(i.LCD_Scan_Dir)
    LCD_SetCursor                            0x08005229   Thumb Code   320  lcd.o(i.LCD_SetCursor)
    LCD_ShowChar                             0x08005371   Thumb Code   182  lcd.o(i.LCD_ShowChar)
    LCD_ShowString                           0x0800543d   Thumb Code    84  lcd.o(i.LCD_ShowString)
    LCD_WriteRAM_Prepare                     0x08005491   Thumb Code    10  lcd.o(i.LCD_WriteRAM_Prepare)
    LCD_WriteReg                             0x080054a5   Thumb Code    10  lcd.o(i.LCD_WriteReg)
    LED_Init                                 0x080054b5   Thumb Code    70  led.o(i.LED_Init)
    MemManage_Handler                        0x08005505   Thumb Code     2  stm32f10x_it.o(i.MemManage_Handler)
    NMEA_BDGSV_Analysis                      0x08005509   Thumb Code   230  gps.o(i.NMEA_BDGSV_Analysis)
    NMEA_Comma_Pos                           0x080055f9   Thumb Code    42  gps.o(i.NMEA_Comma_Pos)
    NMEA_GNGGA_Analysis                      0x08005625   Thumb Code    88  gps.o(i.NMEA_GNGGA_Analysis)
    NMEA_GNGSA_Analysis                      0x08005685   Thumb Code   150  gps.o(i.NMEA_GNGSA_Analysis)
    NMEA_GNRMC_Analysis                      0x08005725   Thumb Code   480  gps.o(i.NMEA_GNRMC_Analysis)
    NMEA_GNVTG_Analysis                      0x08005911   Thumb Code    68  gps.o(i.NMEA_GNVTG_Analysis)
    NMEA_GPGSV_Analysis                      0x0800595d   Thumb Code   222  gps.o(i.NMEA_GPGSV_Analysis)
    NMEA_Pow                                 0x08005a45   Thumb Code    16  gps.o(i.NMEA_Pow)
    NMEA_Str2num                             0x08005a55   Thumb Code   192  gps.o(i.NMEA_Str2num)
    NMI_Handler                              0x08005b15   Thumb Code     2  stm32f10x_it.o(i.NMI_Handler)
    NVIC_Init                                0x08005b19   Thumb Code    94  misc.o(i.NVIC_Init)
    NVIC_PriorityGroupConfig                 0x08005b7d   Thumb Code    10  misc.o(i.NVIC_PriorityGroupConfig)
    PendSV_Handler                           0x08005b91   Thumb Code     2  stm32f10x_it.o(i.PendSV_Handler)
    RCC_AHBPeriphClockCmd                    0x08005b95   Thumb Code    18  stm32f10x_rcc.o(i.RCC_AHBPeriphClockCmd)
    RCC_APB1PeriphClockCmd                   0x08005bad   Thumb Code    18  stm32f10x_rcc.o(i.RCC_APB1PeriphClockCmd)
    RCC_APB1PeriphResetCmd                   0x08005bc5   Thumb Code    18  stm32f10x_rcc.o(i.RCC_APB1PeriphResetCmd)
    RCC_APB2PeriphClockCmd                   0x08005bdd   Thumb Code    18  stm32f10x_rcc.o(i.RCC_APB2PeriphClockCmd)
    RCC_APB2PeriphResetCmd                   0x08005bf5   Thumb Code    18  stm32f10x_rcc.o(i.RCC_APB2PeriphResetCmd)
    RCC_GetClocksFreq                        0x08005c0d   Thumb Code   132  stm32f10x_rcc.o(i.RCC_GetClocksFreq)
    SVC_Handler                              0x08005ca1   Thumb Code     2  stm32f10x_it.o(i.SVC_Handler)
    SkyTra_Cfg_Ack_Check                     0x08005d4d   Thumb Code    88  gps.o(i.SkyTra_Cfg_Ack_Check)
    SkyTra_Cfg_Prt                           0x08005dad   Thumb Code    78  gps.o(i.SkyTra_Cfg_Prt)
    SkyTra_Cfg_Rate                          0x08005e05   Thumb Code    56  gps.o(i.SkyTra_Cfg_Rate)
    SkyTra_Cfg_Tp                            0x08005e41   Thumb Code    76  gps.o(i.SkyTra_Cfg_Tp)
    SkyTra_Send_Date                         0x08005e91   Thumb Code    30  gps.o(i.SkyTra_Send_Date)
    SysTick_CLKSourceConfig                  0x08005eb5   Thumb Code    24  misc.o(i.SysTick_CLKSourceConfig)
    SysTick_Handler                          0x08005ecd   Thumb Code     2  stm32f10x_it.o(i.SysTick_Handler)
    SystemInit                               0x08005ed1   Thumb Code    64  system_stm32f10x.o(i.SystemInit)
    TIM4_IRQHandler                          0x08005f21   Thumb Code    50  usmart.o(i.TIM4_IRQHandler)
    TIM6_IRQHandler                          0x08005f5d   Thumb Code   100  timer.o(i.TIM6_IRQHandler)
    TIM6_Int_Init                            0x08005fd1   Thumb Code    88  timer.o(i.TIM6_Int_Init)
    TIM6_SetARR                              0x0800602d   Thumb Code    28  timer.o(i.TIM6_SetARR)
    TIM7_IRQHandler                          0x0800604d   Thumb Code    48  timer.o(i.TIM7_IRQHandler)
    TIM7_Int_Init                            0x08006085   Thumb Code    90  timer.o(i.TIM7_Int_Init)
    TIM_ClearFlag                            0x080060e5   Thumb Code     6  stm32f10x_tim.o(i.TIM_ClearFlag)
    TIM_ClearITPendingBit                    0x080060eb   Thumb Code     6  stm32f10x_tim.o(i.TIM_ClearITPendingBit)
    TIM_Cmd                                  0x080060f1   Thumb Code    20  stm32f10x_tim.o(i.TIM_Cmd)
    TIM_GetCounter                           0x08006105   Thumb Code     4  stm32f10x_tim.o(i.TIM_GetCounter)
    TIM_GetFlagStatus                        0x08006109   Thumb Code    14  stm32f10x_tim.o(i.TIM_GetFlagStatus)
    TIM_GetITStatus                          0x08006117   Thumb Code    24  stm32f10x_tim.o(i.TIM_GetITStatus)
    TIM_ITConfig                             0x0800612f   Thumb Code    16  stm32f10x_tim.o(i.TIM_ITConfig)
    TIM_SetAutoreload                        0x0800613f   Thumb Code     4  stm32f10x_tim.o(i.TIM_SetAutoreload)
    TIM_SetCounter                           0x08006143   Thumb Code     4  stm32f10x_tim.o(i.TIM_SetCounter)
    TIM_TimeBaseInit                         0x08006149   Thumb Code   114  stm32f10x_tim.o(i.TIM_TimeBaseInit)
    Timer4_Init                              0x080061e5   Thumb Code    90  usmart.o(i.Timer4_Init)
    USART1_IRQHandler                        0x08006245   Thumb Code    88  usart.o(i.USART1_IRQHandler)
    USART2_IRQHandler                        0x080062a9   Thumb Code    88  usart2.o(i.USART2_IRQHandler)
    USART3_IRQHandler                        0x08006311   Thumb Code    88  usart3.o(i.USART3_IRQHandler)
    USART_Cmd                                0x08006379   Thumb Code    20  stm32f10x_usart.o(i.USART_Cmd)
    USART_DeInit                             0x0800638d   Thumb Code    96  stm32f10x_usart.o(i.USART_DeInit)
    USART_GetFlagStatus                      0x08006401   Thumb Code    14  stm32f10x_usart.o(i.USART_GetFlagStatus)
    USART_GetITStatus                        0x0800640f   Thumb Code    62  stm32f10x_usart.o(i.USART_GetITStatus)
    USART_ITConfig                           0x0800644d   Thumb Code    48  stm32f10x_usart.o(i.USART_ITConfig)
    USART_Init                               0x0800647d   Thumb Code   166  stm32f10x_usart.o(i.USART_Init)
    USART_ReceiveData                        0x08006529   Thumb Code     8  stm32f10x_usart.o(i.USART_ReceiveData)
    USART_SendData                           0x08006531   Thumb Code     8  stm32f10x_usart.o(i.USART_SendData)
    UsageFault_Handler                       0x08006539   Thumb Code     2  stm32f10x_it.o(i.UsageFault_Handler)
    __ARM_fpclassify                         0x0800653b   Thumb Code    40  fpclassify.o(i.__ARM_fpclassify)
    _is_digit                                0x08006563   Thumb Code    14  __printf_wp.o(i._is_digit)
    _sys_exit                                0x08006571   Thumb Code     2  usart.o(i._sys_exit)
    checkConnection                          0x08006575   Thumb Code    44  sim800c.o(i.checkConnection)
    connectTCP                               0x080065cd   Thumb Code    92  sim800c.o(i.connectTCP)
    delay_init                               0x080066c1   Thumb Code    46  delay.o(i.delay_init)
    delay_ms                                 0x080066fd   Thumb Code    46  delay.o(i.delay_ms)
    delay_us                                 0x08006731   Thumb Code    46  delay.o(i.delay_us)
    fputc                                    0x08006765   Thumb Code    18  usart.o(i.fputc)
    main                                     0x0800677d   Thumb Code   528  main.o(i.main)
    read_addr                                0x08006a95   Thumb Code     4  usmart.o(i.read_addr)
    sendString                               0x08006a99   Thumb Code   118  sim800c.o(i.sendString)
    sim800c_check_cmd                        0x08006b49   Thumb Code    30  sim800c.o(i.sim800c_check_cmd)
    sim800c_send_cmd                         0x08006b71   Thumb Code   144  sim800c.o(i.sim800c_send_cmd)
    u3_printf                                0x08006c15   Thumb Code    68  usart3.o(i.u3_printf)
    uart_init                                0x08006c61   Thumb Code   152  usart.o(i.uart_init)
    usart2_init                              0x08006d01   Thumb Code   192  usart2.o(i.usart2_init)
    usart3_init                              0x08006dd1   Thumb Code   186  usart3.o(i.usart3_init)
    usmart_cmd_rec                           0x08006e9d   Thumb Code   144  usmart.o(i.usmart_cmd_rec)
    usmart_exe                               0x08006f31   Thumb Code   510  usmart.o(i.usmart_exe)
    usmart_get_aparm                         0x08007191   Thumb Code   156  usmart_str.o(i.usmart_get_aparm)
    usmart_get_cmdname                       0x0800722d   Thumb Code    46  usmart_str.o(i.usmart_get_cmdname)
    usmart_get_fname                         0x0800725d   Thumb Code   352  usmart_str.o(i.usmart_get_fname)
    usmart_get_fparam                        0x080073c5   Thumb Code   202  usmart_str.o(i.usmart_get_fparam)
    usmart_get_parmpos                       0x08007495   Thumb Code    30  usmart_str.o(i.usmart_get_parmpos)
    usmart_get_runtime                       0x080074b9   Thumb Code    48  usmart.o(i.usmart_get_runtime)
    usmart_init                              0x080074f1   Thumb Code    36  usmart.o(i.usmart_init)
    usmart_pow                               0x08007519   Thumb Code    16  usmart_str.o(i.usmart_pow)
    usmart_reset_runtime                     0x08007529   Thumb Code    40  usmart.o(i.usmart_reset_runtime)
    usmart_scan                              0x08007559   Thumb Code    94  usmart.o(i.usmart_scan)
    usmart_search_nextc                      0x080075fd   Thumb Code    16  usmart_str.o(i.usmart_search_nextc)
    usmart_str2num                           0x0800760d   Thumb Code   160  usmart_str.o(i.usmart_str2num)
    usmart_strcmp                            0x080076ad   Thumb Code    24  usmart_str.o(i.usmart_strcmp)
    usmart_strcopy                           0x080076c5   Thumb Code    18  usmart_str.o(i.usmart_strcopy)
    usmart_strlen                            0x080076d7   Thumb Code    18  usmart_str.o(i.usmart_strlen)
    usmart_sys_cmd_exe                       0x080076e9   Thumb Code  1442  usmart.o(i.usmart_sys_cmd_exe)
    write_addr                               0x08007d59   Thumb Code     4  usmart.o(i.write_addr)
    _get_lc_numeric                          0x08007d5d   Thumb Code    44  lc_numeric_c.o(locale$$code)
    _get_lc_ctype                            0x08007d89   Thumb Code    44  lc_ctype_c.o(locale$$code)
    __aeabi_d2uiz                            0x08007db5   Thumb Code     0  dfixu.o(x$fpl$dfixu)
    _dfixu                                   0x08007db5   Thumb Code    90  dfixu.o(x$fpl$dfixu)
    __aeabi_ui2d                             0x08007e0f   Thumb Code     0  dflt_clz.o(x$fpl$dfltu)
    _dfltu                                   0x08007e0f   Thumb Code    38  dflt_clz.o(x$fpl$dfltu)
    __aeabi_dmul                             0x08007e35   Thumb Code     0  dmul.o(x$fpl$dmul)
    _dmul                                    0x08007e35   Thumb Code   332  dmul.o(x$fpl$dmul)
    __fpl_dnaninf                            0x08007f89   Thumb Code   156  dnaninf.o(x$fpl$dnaninf)
    __fpl_dretinf                            0x08008025   Thumb Code    12  dretinf.o(x$fpl$dretinf)
    __aeabi_f2d                              0x08008031   Thumb Code     0  f2d.o(x$fpl$f2d)
    _f2d                                     0x08008031   Thumb Code    86  f2d.o(x$fpl$f2d)
    __aeabi_fadd                             0x08008089   Thumb Code     0  faddsub_clz.o(x$fpl$fadd)
    _fadd                                    0x08008089   Thumb Code   196  faddsub_clz.o(x$fpl$fadd)
    __aeabi_fdiv                             0x0800814d   Thumb Code     0  fdiv.o(x$fpl$fdiv)
    _fdiv                                    0x0800814d   Thumb Code   384  fdiv.o(x$fpl$fdiv)
    __aeabi_f2uiz                            0x080082d1   Thumb Code     0  ffixu.o(x$fpl$ffixu)
    _ffixu                                   0x080082d1   Thumb Code    62  ffixu.o(x$fpl$ffixu)
    __aeabi_i2f                              0x08008311   Thumb Code     0  fflt_clz.o(x$fpl$fflt)
    _fflt                                    0x08008311   Thumb Code    48  fflt_clz.o(x$fpl$fflt)
    __aeabi_ui2f                             0x08008341   Thumb Code     0  fflt_clz.o(x$fpl$ffltu)
    _ffltu                                   0x08008341   Thumb Code    38  fflt_clz.o(x$fpl$ffltu)
    __aeabi_fmul                             0x08008369   Thumb Code     0  fmul.o(x$fpl$fmul)
    _fmul                                    0x08008369   Thumb Code   258  fmul.o(x$fpl$fmul)
    __fpl_fnaninf                            0x0800846b   Thumb Code   140  fnaninf.o(x$fpl$fnaninf)
    __fpl_fretinf                            0x080084f7   Thumb Code    10  fretinf.o(x$fpl$fretinf)
    __aeabi_fsub                             0x08008501   Thumb Code     0  faddsub_clz.o(x$fpl$fsub)
    _fsub                                    0x08008501   Thumb Code   234  faddsub_clz.o(x$fpl$fsub)
    _printf_fp_dec                           0x080085eb   Thumb Code     4  printf1.o(x$fpl$printf1)
    __I$use$fp                               0x080085ee   Number         0  usenofp.o(x$fpl$usenofp)
    BAUD_id                                  0x080085f0   Data          36  gps.o(.constdata)
    asc2_1206                                0x08008614   Data        1140  lcd.o(.constdata)
    asc2_1608                                0x08008a88   Data        1520  lcd.o(.constdata)
    asc2_2412                                0x08009078   Data        3420  lcd.o(.constdata)
    Region$$Table$$Base                      0x08009f80   Number         0  anon$$obj.o(Region$$Table)
    Region$$Table$$Limit                     0x08009fa0   Number         0  anon$$obj.o(Region$$Table)
    __ctype                                  0x08009fc9   Data           0  lc_ctype_c.o(locale$$data)
    fixmode_tbl                              0x20000000   Data          16  main.o(.data)
    SystemCoreClock                          0x20000010   Data           4  system_stm32f10x.o(.data)
    AHBPrescTable                            0x20000014   Data          16  system_stm32f10x.o(.data)
    POINT_COLOR                              0x20000026   Data           2  lcd.o(.data)
    BACK_COLOR                               0x20000028   Data           2  lcd.o(.data)
    USART3_RX_STA                            0x2000002c   Data           2  usart3.o(.data)
    USART2_RX_STA                            0x2000002e   Data           2  usart2.o(.data)
    Scan_Wtime                               0x20000030   Data           1  sim800c.o(.data)
    BT_Scan_mode                             0x20000031   Data           1  sim800c.o(.data)
    USART_RX_STA                             0x20000036   Data           2  usart.o(.data)
    __stdout                                 0x20000038   Data           4  usart.o(.data)
    sys_cmd_tab                              0x20000050   Data          28  usmart.o(.data)
    usmart_nametab                           0x2000006c   Data          40  usmart_config.o(.data)
    usmart_dev                               0x20000094   Data         244  usmart_config.o(.data)
    USART1_TX_BUF                            0x20000188   Data         600  main.o(.bss)
    gpsx                                     0x200003e0   Data         166  main.o(.bss)
    dtbuf                                    0x20000488   Data          50  main.o(.bss)
    lcddev                                   0x200004ba   Data          14  lcd.o(.bss)
    USART3_RX_BUF                            0x200004c8   Data         600  usart3.o(.bss)
    USART3_TX_BUF                            0x20000720   Data         600  usart3.o(.bss)
    USART2_RX_BUF                            0x20000978   Data         600  usart2.o(.bss)
    USART2_TX_BUF                            0x20000bd0   Data         600  usart2.o(.bss)
    USART_RX_BUF                             0x20000e28   Data         200  usart.o(.bss)
    __libspace_start                         0x20000ef0   Data          96  libspace.o(.bss)
    __temporary_stack_top$libspace           0x20000f50   Data           0  libspace.o(.bss)



==============================================================================

Memory Map of the image

  Image Entry point : 0x08000131

  Load Region LR_IROM1 (Base: 0x08000000, Size: 0x0000a254, Max: 0x00080000, ABSOLUTE, COMPRESSED[0x0000a144])

    Execution Region ER_IROM1 (Base: 0x08000000, Size: 0x0000a0cc, Max: 0x00080000, ABSOLUTE)

    Base Addr    Size         Type   Attr      Idx    E Section Name        Object

    0x08000000   0x00000130   Data   RO          295    RESET               startup_stm32f10x_hd.o
    0x08000130   0x00000008   Code   RO         2378  * !!!main             c_w.l(__main.o)
    0x08000138   0x00000034   Code   RO         2683    !!!scatter          c_w.l(__scatter.o)
    0x0800016c   0x0000005a   Code   RO         2681    !!dczerorl2         c_w.l(__dczerorl2.o)
    0x080001c6   0x00000002   PAD
    0x080001c8   0x0000001c   Code   RO         2685    !!handler_zi        c_w.l(__scatter_zi.o)
    0x080001e4   0x00000000   Code   RO         2371    .ARM.Collect$$_printf_percent$$00000000  c_w.l(_printf_percent.o)
    0x080001e4   0x00000006   Code   RO         2448    .ARM.Collect$$_printf_percent$$00000001  c_w.l(_printf_n.o)
    0x080001ea   0x00000006   Code   RO         2449    .ARM.Collect$$_printf_percent$$00000002  c_w.l(_printf_p.o)
    0x080001f0   0x00000006   Code   RO         2370    .ARM.Collect$$_printf_percent$$00000003  c_w.l(_printf_f.o)
    0x080001f6   0x00000006   Code   RO         2452    .ARM.Collect$$_printf_percent$$00000004  c_w.l(_printf_e.o)
    0x080001fc   0x00000006   Code   RO         2453    .ARM.Collect$$_printf_percent$$00000005  c_w.l(_printf_g.o)
    0x08000202   0x00000006   Code   RO         2454    .ARM.Collect$$_printf_percent$$00000006  c_w.l(_printf_a.o)
    0x08000208   0x0000000a   Code   RO         2459    .ARM.Collect$$_printf_percent$$00000007  c_w.l(_printf_ll.o)
    0x08000212   0x00000006   Code   RO         2451    .ARM.Collect$$_printf_percent$$00000008  c_w.l(_printf_i.o)
    0x08000218   0x00000006   Code   RO         2368    .ARM.Collect$$_printf_percent$$00000009  c_w.l(_printf_d.o)
    0x0800021e   0x00000006   Code   RO         2369    .ARM.Collect$$_printf_percent$$0000000A  c_w.l(_printf_u.o)
    0x08000224   0x00000006   Code   RO         2450    .ARM.Collect$$_printf_percent$$0000000B  c_w.l(_printf_o.o)
    0x0800022a   0x00000006   Code   RO         2367    .ARM.Collect$$_printf_percent$$0000000C  c_w.l(_printf_x.o)
    0x08000230   0x00000006   Code   RO         2456    .ARM.Collect$$_printf_percent$$0000000D  c_w.l(_printf_lli.o)
    0x08000236   0x00000006   Code   RO         2457    .ARM.Collect$$_printf_percent$$0000000E  c_w.l(_printf_lld.o)
    0x0800023c   0x00000006   Code   RO         2458    .ARM.Collect$$_printf_percent$$0000000F  c_w.l(_printf_llu.o)
    0x08000242   0x00000006   Code   RO         2463    .ARM.Collect$$_printf_percent$$00000010  c_w.l(_printf_llo.o)
    0x08000248   0x00000006   Code   RO         2464    .ARM.Collect$$_printf_percent$$00000011  c_w.l(_printf_llx.o)
    0x0800024e   0x0000000a   Code   RO         2460    .ARM.Collect$$_printf_percent$$00000012  c_w.l(_printf_l.o)
    0x08000258   0x00000006   Code   RO         2365    .ARM.Collect$$_printf_percent$$00000013  c_w.l(_printf_c.o)
    0x0800025e   0x00000006   Code   RO         2366    .ARM.Collect$$_printf_percent$$00000014  c_w.l(_printf_s.o)
    0x08000264   0x00000006   Code   RO         2461    .ARM.Collect$$_printf_percent$$00000015  c_w.l(_printf_lc.o)
    0x0800026a   0x00000006   Code   RO         2462    .ARM.Collect$$_printf_percent$$00000016  c_w.l(_printf_ls.o)
    0x08000270   0x00000004   Code   RO         2455    .ARM.Collect$$_printf_percent$$00000017  c_w.l(_printf_percent_end.o)
    0x08000274   0x00000002   Code   RO         2556    .ARM.Collect$$libinit$$00000000  c_w.l(libinit.o)
    0x08000276   0x00000000   Code   RO         2558    .ARM.Collect$$libinit$$00000002  c_w.l(libinit2.o)
    0x08000276   0x00000000   Code   RO         2560    .ARM.Collect$$libinit$$00000004  c_w.l(libinit2.o)
    0x08000276   0x00000000   Code   RO         2563    .ARM.Collect$$libinit$$0000000A  c_w.l(libinit2.o)
    0x08000276   0x00000000   Code   RO         2565    .ARM.Collect$$libinit$$0000000C  c_w.l(libinit2.o)
    0x08000276   0x00000000   Code   RO         2567    .ARM.Collect$$libinit$$0000000E  c_w.l(libinit2.o)
    0x08000276   0x00000006   Code   RO         2568    .ARM.Collect$$libinit$$0000000F  c_w.l(libinit2.o)
    0x0800027c   0x00000000   Code   RO         2570    .ARM.Collect$$libinit$$00000011  c_w.l(libinit2.o)
    0x0800027c   0x0000000c   Code   RO         2571    .ARM.Collect$$libinit$$00000012  c_w.l(libinit2.o)
    0x08000288   0x00000000   Code   RO         2572    .ARM.Collect$$libinit$$00000013  c_w.l(libinit2.o)
    0x08000288   0x00000000   Code   RO         2574    .ARM.Collect$$libinit$$00000015  c_w.l(libinit2.o)
    0x08000288   0x0000000a   Code   RO         2575    .ARM.Collect$$libinit$$00000016  c_w.l(libinit2.o)
    0x08000292   0x00000000   Code   RO         2576    .ARM.Collect$$libinit$$00000017  c_w.l(libinit2.o)
    0x08000292   0x00000000   Code   RO         2578    .ARM.Collect$$libinit$$00000019  c_w.l(libinit2.o)
    0x08000292   0x00000000   Code   RO         2580    .ARM.Collect$$libinit$$0000001B  c_w.l(libinit2.o)
    0x08000292   0x00000000   Code   RO         2582    .ARM.Collect$$libinit$$0000001D  c_w.l(libinit2.o)
    0x08000292   0x00000000   Code   RO         2584    .ARM.Collect$$libinit$$0000001F  c_w.l(libinit2.o)
    0x08000292   0x00000000   Code   RO         2586    .ARM.Collect$$libinit$$00000021  c_w.l(libinit2.o)
    0x08000292   0x00000000   Code   RO         2588    .ARM.Collect$$libinit$$00000023  c_w.l(libinit2.o)
    0x08000292   0x00000000   Code   RO         2590    .ARM.Collect$$libinit$$00000025  c_w.l(libinit2.o)
    0x08000292   0x00000000   Code   RO         2594    .ARM.Collect$$libinit$$0000002C  c_w.l(libinit2.o)
    0x08000292   0x00000000   Code   RO         2596    .ARM.Collect$$libinit$$0000002E  c_w.l(libinit2.o)
    0x08000292   0x00000000   Code   RO         2598    .ARM.Collect$$libinit$$00000030  c_w.l(libinit2.o)
    0x08000292   0x00000000   Code   RO         2600    .ARM.Collect$$libinit$$00000032  c_w.l(libinit2.o)
    0x08000292   0x00000002   Code   RO         2601    .ARM.Collect$$libinit$$00000033  c_w.l(libinit2.o)
    0x08000294   0x00000002   Code   RO         2632    .ARM.Collect$$libshutdown$$00000000  c_w.l(libshutdown.o)
    0x08000296   0x00000000   Code   RO         2642    .ARM.Collect$$libshutdown$$00000003  c_w.l(libshutdown2.o)
    0x08000296   0x00000000   Code   RO         2645    .ARM.Collect$$libshutdown$$00000006  c_w.l(libshutdown2.o)
    0x08000296   0x00000000   Code   RO         2648    .ARM.Collect$$libshutdown$$00000009  c_w.l(libshutdown2.o)
    0x08000296   0x00000000   Code   RO         2650    .ARM.Collect$$libshutdown$$0000000B  c_w.l(libshutdown2.o)
    0x08000296   0x00000000   Code   RO         2653    .ARM.Collect$$libshutdown$$0000000E  c_w.l(libshutdown2.o)
    0x08000296   0x00000002   Code   RO         2654    .ARM.Collect$$libshutdown$$0000000F  c_w.l(libshutdown2.o)
    0x08000298   0x00000000   Code   RO         2420    .ARM.Collect$$rtentry$$00000000  c_w.l(__rtentry.o)
    0x08000298   0x00000000   Code   RO         2475    .ARM.Collect$$rtentry$$00000002  c_w.l(__rtentry2.o)
    0x08000298   0x00000006   Code   RO         2487    .ARM.Collect$$rtentry$$00000004  c_w.l(__rtentry4.o)
    0x0800029e   0x00000000   Code   RO         2477    .ARM.Collect$$rtentry$$00000009  c_w.l(__rtentry2.o)
    0x0800029e   0x00000004   Code   RO         2478    .ARM.Collect$$rtentry$$0000000A  c_w.l(__rtentry2.o)
    0x080002a2   0x00000000   Code   RO         2480    .ARM.Collect$$rtentry$$0000000C  c_w.l(__rtentry2.o)
    0x080002a2   0x00000008   Code   RO         2481    .ARM.Collect$$rtentry$$0000000D  c_w.l(__rtentry2.o)
    0x080002aa   0x00000002   Code   RO         2602    .ARM.Collect$$rtexit$$00000000  c_w.l(rtexit.o)
    0x080002ac   0x00000000   Code   RO         2612    .ARM.Collect$$rtexit$$00000002  c_w.l(rtexit2.o)
    0x080002ac   0x00000004   Code   RO         2613    .ARM.Collect$$rtexit$$00000003  c_w.l(rtexit2.o)
    0x080002b0   0x00000006   Code   RO         2614    .ARM.Collect$$rtexit$$00000004  c_w.l(rtexit2.o)
    0x080002b6   0x00000002   PAD
    0x080002b8   0x00000040   Code   RO          296    .text               startup_stm32f10x_hd.o
    0x080002f8   0x00000002   Code   RO         2304    .text               c_w.l(use_no_semi_2.o)
    0x080002fa   0x00000002   PAD
    0x080002fc   0x00000024   Code   RO         2306    .text               c_w.l(c89vsprintf.o)
    0x08000320   0x00000018   Code   RO         2308    .text               c_w.l(__2printf.o)
    0x08000338   0x0000002c   Code   RO         2310    .text               c_w.l(__2sprintf.o)
    0x08000364   0x0000004e   Code   RO         2318    .text               c_w.l(_printf_pad.o)
    0x080003b2   0x00000052   Code   RO         2320    .text               c_w.l(_printf_str.o)
    0x08000404   0x00000078   Code   RO         2322    .text               c_w.l(_printf_dec.o)
    0x0800047c   0x00000094   Code   RO         2342    .text               c_w.l(_printf_hex_int_ll_ptr.o)
    0x08000510   0x00000188   Code   RO         2362    .text               c_w.l(__printf_flags_ss_wp.o)
    0x08000698   0x00000024   Code   RO         2372    .text               c_w.l(strstr.o)
    0x080006bc   0x0000003e   Code   RO         2374    .text               c_w.l(strlen.o)
    0x080006fa   0x00000006   Code   RO         2376    .text               c_w.l(heapauxi.o)
    0x08000700   0x00000002   Code   RO         2418    .text               c_w.l(use_no_semi.o)
    0x08000702   0x00000024   Code   RO         2421    .text               c_w.l(_printf_truncate.o)
    0x08000726   0x000000b2   Code   RO         2423    .text               c_w.l(_printf_intcommon.o)
    0x080007d8   0x00000028   Code   RO         2425    .text               c_w.l(_printf_charcount.o)
    0x08000800   0x0000041a   Code   RO         2427    .text               c_w.l(_printf_fp_dec.o)
    0x08000c1a   0x00000002   PAD
    0x08000c1c   0x00000030   Code   RO         2429    .text               c_w.l(_printf_char_common.o)
    0x08000c4c   0x0000000a   Code   RO         2431    .text               c_w.l(_sputc.o)
    0x08000c56   0x0000002c   Code   RO         2433    .text               c_w.l(_printf_char.o)
    0x08000c82   0x00000002   PAD
    0x08000c84   0x00000024   Code   RO         2435    .text               c_w.l(_printf_char_file.o)
    0x08000ca8   0x000000bc   Code   RO         2437    .text               c_w.l(_printf_wctomb.o)
    0x08000d64   0x0000007c   Code   RO         2440    .text               c_w.l(_printf_longlong_dec.o)
    0x08000de0   0x00000070   Code   RO         2446    .text               c_w.l(_printf_oct_int_ll.o)
    0x08000e50   0x00000008   Code   RO         2492    .text               c_w.l(rt_locale_intlibspace.o)
    0x08000e58   0x0000008a   Code   RO         2494    .text               c_w.l(lludiv10.o)
    0x08000ee2   0x00000002   PAD
    0x08000ee4   0x00000080   Code   RO         2496    .text               c_w.l(_printf_fp_infnan.o)
    0x08000f64   0x0000002c   Code   RO         2500    .text               c_w.l(_printf_wchar.o)
    0x08000f90   0x000000dc   Code   RO         2502    .text               c_w.l(bigflt0.o)
    0x0800106c   0x00000008   Code   RO         2527    .text               c_w.l(ferror.o)
    0x08001074   0x00000040   Code   RO         2531    .text               c_w.l(_wcrtomb.o)
    0x080010b4   0x00000008   Code   RO         2540    .text               c_w.l(libspace.o)
    0x080010bc   0x0000004a   Code   RO         2543    .text               c_w.l(sys_stackheap_outer.o)
    0x08001106   0x00000002   PAD
    0x08001108   0x00000010   Code   RO         2545    .text               c_w.l(rt_ctype_table.o)
    0x08001118   0x0000000c   Code   RO         2547    .text               c_w.l(exit.o)
    0x08001124   0x00000080   Code   RO         2549    .text               c_w.l(strcmpv7m.o)
    0x080011a4   0x0000003e   Code   RO         2505    CL$$btod_d2e        c_w.l(btod.o)
    0x080011e2   0x00000046   Code   RO         2507    CL$$btod_d2e_denorm_low  c_w.l(btod.o)
    0x08001228   0x00000060   Code   RO         2506    CL$$btod_d2e_norm_op1  c_w.l(btod.o)
    0x08001288   0x00000338   Code   RO         2515    CL$$btod_div_common  c_w.l(btod.o)
    0x080015c0   0x000000c6   Code   RO         2512    CL$$btod_e2e        c_w.l(btod.o)
    0x08001686   0x00000028   Code   RO         2509    CL$$btod_ediv       c_w.l(btod.o)
    0x080016ae   0x00000028   Code   RO         2508    CL$$btod_emul       c_w.l(btod.o)
    0x080016d6   0x00000244   Code   RO         2514    CL$$btod_mult_common  c_w.l(btod.o)
    0x0800191a   0x00000002   Code   RO          164    i.BusFault_Handler  stm32f10x_it.o
    0x0800191c   0x00000002   Code   RO          165    i.DebugMon_Handler  stm32f10x_it.o
    0x0800191e   0x00000002   PAD
    0x08001920   0x00000020   Code   RO         2036    i.FSMC_NORSRAMCmd   stm32f10x_fsmc.o
    0x08001940   0x000000c8   Code   RO         2038    i.FSMC_NORSRAMInit  stm32f10x_fsmc.o
    0x08001a08   0x0000009c   Code   RO         1917    i.GPIO_Init         stm32f10x_gpio.o
    0x08001aa4   0x0000000e   Code   RO         1921    i.GPIO_ReadInputDataBit  stm32f10x_gpio.o
    0x08001ab2   0x00000004   Code   RO         1925    i.GPIO_SetBits      stm32f10x_gpio.o
    0x08001ab6   0x00000036   Code   RO          300    i.GPS_Analysis      gps.o
    0x08001aec   0x000002c0   Code   RO            1    i.Gps_Msg_Show      main.o
    0x08001dac   0x00000002   Code   RO          166    i.HardFault_Handler  stm32f10x_it.o
    0x08001dae   0x00000002   PAD
    0x08001db0   0x0000003c   Code   RO          413    i.KEY_Init          key.o
    0x08001dec   0x000000cc   Code   RO          414    i.KEY_Scan          key.o
    0x08001eb8   0x0000006c   Code   RO          433    i.LCD_Clear         lcd.o
    0x08001f24   0x00000134   Code   RO          437    i.LCD_Display_Dir   lcd.o
    0x08002058   0x0000011c   Code   RO          442    i.LCD_Fast_DrawPoint  lcd.o
    0x08002174   0x0000008c   Code   RO          443    i.LCD_Fill          lcd.o
    0x08002200   0x00002e18   Code   RO          444    i.LCD_Init          lcd.o
    0x08005018   0x00000014   Code   RO          446    i.LCD_RD_DATA       lcd.o
    0x0800502c   0x00000018   Code   RO          448    i.LCD_ReadReg       lcd.o
    0x08005044   0x0000003c   Code   RO          449    i.LCD_SSD_BackLightSet  lcd.o
    0x08005080   0x000001a8   Code   RO          450    i.LCD_Scan_Dir      lcd.o
    0x08005228   0x00000148   Code   RO          451    i.LCD_SetCursor     lcd.o
    0x08005370   0x000000cc   Code   RO          453    i.LCD_ShowChar      lcd.o
    0x0800543c   0x00000054   Code   RO          455    i.LCD_ShowString    lcd.o
    0x08005490   0x00000014   Code   RO          460    i.LCD_WriteRAM_Prepare  lcd.o
    0x080054a4   0x00000010   Code   RO          461    i.LCD_WriteReg      lcd.o
    0x080054b4   0x00000050   Code   RO          633    i.LED_Init          led.o
    0x08005504   0x00000002   Code   RO          167    i.MemManage_Handler  stm32f10x_it.o
    0x08005506   0x00000002   PAD
    0x08005508   0x000000f0   Code   RO          301    i.NMEA_BDGSV_Analysis  gps.o
    0x080055f8   0x0000002a   Code   RO          302    i.NMEA_Comma_Pos    gps.o
    0x08005622   0x00000002   PAD
    0x08005624   0x00000060   Code   RO          303    i.NMEA_GNGGA_Analysis  gps.o
    0x08005684   0x000000a0   Code   RO          304    i.NMEA_GNGSA_Analysis  gps.o
    0x08005724   0x000001ec   Code   RO          305    i.NMEA_GNRMC_Analysis  gps.o
    0x08005910   0x0000004c   Code   RO          306    i.NMEA_GNVTG_Analysis  gps.o
    0x0800595c   0x000000e8   Code   RO          307    i.NMEA_GPGSV_Analysis  gps.o
    0x08005a44   0x00000010   Code   RO          308    i.NMEA_Pow          gps.o
    0x08005a54   0x000000c0   Code   RO          309    i.NMEA_Str2num      gps.o
    0x08005b14   0x00000002   Code   RO          168    i.NMI_Handler       stm32f10x_it.o
    0x08005b16   0x00000002   PAD
    0x08005b18   0x00000064   Code   RO          902    i.NVIC_Init         misc.o
    0x08005b7c   0x00000014   Code   RO          903    i.NVIC_PriorityGroupConfig  misc.o
    0x08005b90   0x00000002   Code   RO          169    i.PendSV_Handler    stm32f10x_it.o
    0x08005b92   0x00000002   PAD
    0x08005b94   0x00000018   Code   RO         1652    i.RCC_AHBPeriphClockCmd  stm32f10x_rcc.o
    0x08005bac   0x00000018   Code   RO         1653    i.RCC_APB1PeriphClockCmd  stm32f10x_rcc.o
    0x08005bc4   0x00000018   Code   RO         1654    i.RCC_APB1PeriphResetCmd  stm32f10x_rcc.o
    0x08005bdc   0x00000018   Code   RO         1655    i.RCC_APB2PeriphClockCmd  stm32f10x_rcc.o
    0x08005bf4   0x00000018   Code   RO         1656    i.RCC_APB2PeriphResetCmd  stm32f10x_rcc.o
    0x08005c0c   0x00000094   Code   RO         1663    i.RCC_GetClocksFreq  stm32f10x_rcc.o
    0x08005ca0   0x00000002   Code   RO          170    i.SVC_Handler       stm32f10x_it.o
    0x08005ca2   0x00000002   PAD
    0x08005ca4   0x000000a8   Code   RO          253    i.SetSysClockTo72   system_stm32f10x.o
    0x08005d4c   0x00000060   Code   RO          310    i.SkyTra_Cfg_Ack_Check  gps.o
    0x08005dac   0x00000058   Code   RO          311    i.SkyTra_Cfg_Prt    gps.o
    0x08005e04   0x0000003c   Code   RO          312    i.SkyTra_Cfg_Rate   gps.o
    0x08005e40   0x00000050   Code   RO          313    i.SkyTra_Cfg_Tp     gps.o
    0x08005e90   0x00000024   Code   RO          314    i.SkyTra_Send_Date  gps.o
    0x08005eb4   0x00000018   Code   RO          906    i.SysTick_CLKSourceConfig  misc.o
    0x08005ecc   0x00000002   Code   RO          171    i.SysTick_Handler   stm32f10x_it.o
    0x08005ece   0x00000002   PAD
    0x08005ed0   0x00000050   Code   RO          255    i.SystemInit        system_stm32f10x.o
    0x08005f20   0x0000003c   Code   RO         2145    i.TIM4_IRQHandler   usmart.o
    0x08005f5c   0x00000074   Code   RO          645    i.TIM6_IRQHandler   timer.o
    0x08005fd0   0x0000005c   Code   RO          646    i.TIM6_Int_Init     timer.o
    0x0800602c   0x00000020   Code   RO          647    i.TIM6_SetARR       timer.o
    0x0800604c   0x00000038   Code   RO          648    i.TIM7_IRQHandler   timer.o
    0x08006084   0x00000060   Code   RO          649    i.TIM7_Int_Init     timer.o
    0x080060e4   0x00000006   Code   RO         1126    i.TIM_ClearFlag     stm32f10x_tim.o
    0x080060ea   0x00000006   Code   RO         1127    i.TIM_ClearITPendingBit  stm32f10x_tim.o
    0x080060f0   0x00000014   Code   RO         1132    i.TIM_Cmd           stm32f10x_tim.o
    0x08006104   0x00000004   Code   RO         1151    i.TIM_GetCounter    stm32f10x_tim.o
    0x08006108   0x0000000e   Code   RO         1152    i.TIM_GetFlagStatus  stm32f10x_tim.o
    0x08006116   0x00000018   Code   RO         1153    i.TIM_GetITStatus   stm32f10x_tim.o
    0x0800612e   0x00000010   Code   RO         1157    i.TIM_ITConfig      stm32f10x_tim.o
    0x0800613e   0x00000004   Code   RO         1191    i.TIM_SetAutoreload  stm32f10x_tim.o
    0x08006142   0x00000004   Code   RO         1197    i.TIM_SetCounter    stm32f10x_tim.o
    0x08006146   0x00000002   PAD
    0x08006148   0x0000009c   Code   RO         1203    i.TIM_TimeBaseInit  stm32f10x_tim.o
    0x080061e4   0x00000060   Code   RO         2146    i.Timer4_Init       usmart.o
    0x08006244   0x00000064   Code   RO          860    i.USART1_IRQHandler  usart.o
    0x080062a8   0x00000068   Code   RO          727    i.USART2_IRQHandler  usart2.o
    0x08006310   0x00000068   Code   RO          689    i.USART3_IRQHandler  usart3.o
    0x08006378   0x00000014   Code   RO          942    i.USART_Cmd         stm32f10x_usart.o
    0x0800638c   0x00000074   Code   RO          944    i.USART_DeInit      stm32f10x_usart.o
    0x08006400   0x0000000e   Code   RO          945    i.USART_GetFlagStatus  stm32f10x_usart.o
    0x0800640e   0x0000003e   Code   RO          946    i.USART_GetITStatus  stm32f10x_usart.o
    0x0800644c   0x00000030   Code   RO          948    i.USART_ITConfig    stm32f10x_usart.o
    0x0800647c   0x000000ac   Code   RO          949    i.USART_Init        stm32f10x_usart.o
    0x08006528   0x00000008   Code   RO          956    i.USART_ReceiveData  stm32f10x_usart.o
    0x08006530   0x00000008   Code   RO          959    i.USART_SendData    stm32f10x_usart.o
    0x08006538   0x00000002   Code   RO          172    i.UsageFault_Handler  stm32f10x_it.o
    0x0800653a   0x00000028   Code   RO         2538    i.__ARM_fpclassify  m_ws.l(fpclassify.o)
    0x08006562   0x0000000e   Code   RO         2355    i._is_digit         c_w.l(__printf_wp.o)
    0x08006570   0x00000002   Code   RO          861    i._sys_exit         usart.o
    0x08006572   0x00000002   PAD
    0x08006574   0x00000058   Code   RO          758    i.checkConnection   sim800c.o
    0x080065cc   0x000000f4   Code   RO          759    i.connectTCP        sim800c.o
    0x080066c0   0x0000003c   Code   RO          806    i.delay_init        delay.o
    0x080066fc   0x00000034   Code   RO          807    i.delay_ms          delay.o
    0x08006730   0x00000034   Code   RO          808    i.delay_us          delay.o
    0x08006764   0x00000018   Code   RO          862    i.fputc             usart.o
    0x0800677c   0x00000318   Code   RO            2    i.main              main.o
    0x08006a94   0x00000004   Code   RO         2147    i.read_addr         usmart.o
    0x08006a98   0x000000b0   Code   RO          760    i.sendString        sim800c.o
    0x08006b48   0x00000028   Code   RO          761    i.sim800c_check_cmd  sim800c.o
    0x08006b70   0x000000a4   Code   RO          762    i.sim800c_send_cmd  sim800c.o
    0x08006c14   0x0000004c   Code   RO          690    i.u3_printf         usart3.o
    0x08006c60   0x000000a0   Code   RO          863    i.uart_init         usart.o
    0x08006d00   0x000000d0   Code   RO          729    i.usart2_init       usart2.o
    0x08006dd0   0x000000cc   Code   RO          691    i.usart3_init       usart3.o
    0x08006e9c   0x00000094   Code   RO         2148    i.usmart_cmd_rec    usmart.o
    0x08006f30   0x00000260   Code   RO         2149    i.usmart_exe        usmart.o
    0x08007190   0x0000009c   Code   RO         2235    i.usmart_get_aparm  usmart_str.o
    0x0800722c   0x0000002e   Code   RO         2236    i.usmart_get_cmdname  usmart_str.o
    0x0800725a   0x00000002   PAD
    0x0800725c   0x00000168   Code   RO         2237    i.usmart_get_fname  usmart_str.o
    0x080073c4   0x000000d0   Code   RO         2238    i.usmart_get_fparam  usmart_str.o
    0x08007494   0x00000024   Code   RO         2239    i.usmart_get_parmpos  usmart_str.o
    0x080074b8   0x00000038   Code   RO         2150    i.usmart_get_runtime  usmart.o
    0x080074f0   0x00000028   Code   RO         2151    i.usmart_init       usmart.o
    0x08007518   0x00000010   Code   RO         2240    i.usmart_pow        usmart_str.o
    0x08007528   0x00000030   Code   RO         2152    i.usmart_reset_runtime  usmart.o
    0x08007558   0x000000a4   Code   RO         2153    i.usmart_scan       usmart.o
    0x080075fc   0x00000010   Code   RO         2241    i.usmart_search_nextc  usmart_str.o
    0x0800760c   0x000000a0   Code   RO         2242    i.usmart_str2num    usmart_str.o
    0x080076ac   0x00000018   Code   RO         2243    i.usmart_strcmp     usmart_str.o
    0x080076c4   0x00000012   Code   RO         2244    i.usmart_strcopy    usmart_str.o
    0x080076d6   0x00000012   Code   RO         2245    i.usmart_strlen     usmart_str.o
    0x080076e8   0x00000670   Code   RO         2154    i.usmart_sys_cmd_exe  usmart.o
    0x08007d58   0x00000004   Code   RO         2155    i.write_addr        usmart.o
    0x08007d5c   0x0000002c   Code   RO         2534    locale$$code        c_w.l(lc_numeric_c.o)
    0x08007d88   0x0000002c   Code   RO         2605    locale$$code        c_w.l(lc_ctype_c.o)
    0x08007db4   0x0000005a   Code   RO         2380    x$fpl$dfixu         fz_ws.l(dfixu.o)
    0x08007e0e   0x00000026   Code   RO         2384    x$fpl$dfltu         fz_ws.l(dflt_clz.o)
    0x08007e34   0x00000154   Code   RO         2390    x$fpl$dmul          fz_ws.l(dmul.o)
    0x08007f88   0x0000009c   Code   RO         2465    x$fpl$dnaninf       fz_ws.l(dnaninf.o)
    0x08008024   0x0000000c   Code   RO         2467    x$fpl$dretinf       fz_ws.l(dretinf.o)
    0x08008030   0x00000056   Code   RO         2392    x$fpl$f2d           fz_ws.l(f2d.o)
    0x08008086   0x00000002   PAD
    0x08008088   0x000000c4   Code   RO         2394    x$fpl$fadd          fz_ws.l(faddsub_clz.o)
    0x0800814c   0x00000184   Code   RO         2401    x$fpl$fdiv          fz_ws.l(fdiv.o)
    0x080082d0   0x0000003e   Code   RO         2404    x$fpl$ffixu         fz_ws.l(ffixu.o)
    0x0800830e   0x00000002   PAD
    0x08008310   0x00000030   Code   RO         2409    x$fpl$fflt          fz_ws.l(fflt_clz.o)
    0x08008340   0x00000026   Code   RO         2408    x$fpl$ffltu         fz_ws.l(fflt_clz.o)
    0x08008366   0x00000002   PAD
    0x08008368   0x00000102   Code   RO         2414    x$fpl$fmul          fz_ws.l(fmul.o)
    0x0800846a   0x0000008c   Code   RO         2469    x$fpl$fnaninf       fz_ws.l(fnaninf.o)
    0x080084f6   0x0000000a   Code   RO         2471    x$fpl$fretinf       fz_ws.l(fretinf.o)
    0x08008500   0x000000ea   Code   RO         2396    x$fpl$fsub          fz_ws.l(faddsub_clz.o)
    0x080085ea   0x00000004   Code   RO         2416    x$fpl$printf1       fz_ws.l(printf1.o)
    0x080085ee   0x00000000   Code   RO         2473    x$fpl$usenofp       fz_ws.l(usenofp.o)
    0x080085ee   0x00000002   PAD
    0x080085f0   0x00000024   Data   RO          315    .constdata          gps.o
    0x08008614   0x000017c0   Data   RO          464    .constdata          lcd.o
    0x08009dd4   0x00000028   Data   RO         2343    .constdata          c_w.l(_printf_hex_int_ll_ptr.o)
    0x08009dfc   0x00000011   Data   RO         2363    .constdata          c_w.l(__printf_flags_ss_wp.o)
    0x08009e0d   0x00000003   PAD
    0x08009e10   0x00000008   Data   RO         2438    .constdata          c_w.l(_printf_wctomb.o)
    0x08009e18   0x00000094   Data   RO         2503    .constdata          c_w.l(bigflt0.o)
    0x08009eac   0x00000015   Data   RO            4    .conststring        main.o
    0x08009ec1   0x00000003   PAD
    0x08009ec4   0x00000028   Data   RO         2156    .conststring        usmart.o
    0x08009eec   0x00000094   Data   RO         2221    .conststring        usmart_config.o
    0x08009f80   0x00000020   Data   RO         2679    Region$$Table       anon$$obj.o
    0x08009fa0   0x0000001c   Data   RO         2533    locale$$data        c_w.l(lc_numeric_c.o)
    0x08009fbc   0x00000110   Data   RO         2604    locale$$data        c_w.l(lc_ctype_c.o)


    Execution Region RW_IRAM1 (Base: 0x20000000, Size: 0x00001550, Max: 0x00010000, ABSOLUTE, COMPRESSED[0x00000078])

    Base Addr    Size         Type   Attr      Idx    E Section Name        Object

    0x20000000   0x00000010   Data   RW            5    .data               main.o
    0x20000010   0x00000014   Data   RW          256    .data               system_stm32f10x.o
    0x20000024   0x00000001   Data   RW          415    .data               key.o
    0x20000025   0x00000001   PAD
    0x20000026   0x00000004   Data   RW          465    .data               lcd.o
    0x2000002a   0x00000001   Data   RW          650    .data               timer.o
    0x2000002b   0x00000001   PAD
    0x2000002c   0x00000002   Data   RW          693    .data               usart3.o
    0x2000002e   0x00000002   Data   RW          731    .data               usart2.o
    0x20000030   0x00000002   Data   RW          764    .data               sim800c.o
    0x20000032   0x00000004   Data   RW          809    .data               delay.o
    0x20000036   0x00000002   Data   RW          865    .data               usart.o
    0x20000038   0x00000004   Data   RW          866    .data               usart.o
    0x2000003c   0x00000014   Data   RW         1683    .data               stm32f10x_rcc.o
    0x20000050   0x0000001c   Data   RW         2157    .data               usmart.o
    0x2000006c   0x00000028   Data   RW         2222    .data               usmart_config.o
    0x20000094   0x000000f4   Data   RW         2223    .data               usmart_config.o
    0x20000188   0x00000332   Zero   RW            3    .bss                main.o
    0x200004ba   0x0000000e   Zero   RW          463    .bss                lcd.o
    0x200004c8   0x000004b0   Zero   RW          692    .bss                usart3.o
    0x20000978   0x000004b0   Zero   RW          730    .bss                usart2.o
    0x20000e28   0x000000c8   Zero   RW          864    .bss                usart.o
    0x20000ef0   0x00000060   Zero   RW         2541    .bss                c_w.l(libspace.o)
    0x20000f50   0x00000200   Zero   RW          294    HEAP                startup_stm32f10x_hd.o
    0x20001150   0x00000400   Zero   RW          293    STACK               startup_stm32f10x_hd.o


==============================================================================

Image component sizes


      Code (inc. data)   RO Data    RW Data    ZI Data      Debug   Object Name

         0          0          0          0          0         32   core_cm3.o
       164         26          0          4          0       1683   delay.o
      1960         90         36          0          0      10199   gps.o
       264         22          0          1          0       1250   key.o
     13820        172       6080          4         14      50720   lcd.o
        80         10          0          0          0        523   led.o
      1496        528         21         16        818     265029   main.o
       144         16          0          0          0       2013   misc.o
       712        284          0          2          0       3661   sim800c.o
        64         26        304          0       1536        816   startup_stm32f10x_hd.o
       232          6          0          0          0       1849   stm32f10x_fsmc.o
       174          0          0          0          0       2891   stm32f10x_gpio.o
        18          0          0          0          0       3822   stm32f10x_it.o
       268         46          0         20          0       6096   stm32f10x_rcc.o
       254         42          0          0          0       6843   stm32f10x_tim.o
       448         26          0          0          0       6444   stm32f10x_usart.o
       248         24          0         20          0       1789   system_stm32f10x.o
       392         38          0          1          0       3342   timer.o
       286         26          0          6        200       4112   usart.o
       312         32          0          2       1200       1978   usart2.o
       384         42          0          2       1200       3310   usart3.o
      2876       1332         40         28          0       7522   usmart.o
         0          0        148        284          0       1616   usmart_config.o
      1058         20          0          0          0       7767   usmart_str.o

    ----------------------------------------------------------------------
     25676       2808       6664        392       4968     395307   Object Totals
         0          0         32          0          0          0   (incl. Generated)
        22          0          3          2          0          0   (incl. Padding)

    ----------------------------------------------------------------------

      Code (inc. data)   RO Data    RW Data    ZI Data      Debug   Library Member Name

        24          4          0          0          0         84   __2printf.o
        44          6          0          0          0         84   __2sprintf.o
        90          0          0          0          0          0   __dczerorl2.o
         8          0          0          0          0         68   __main.o
       392          4         17          0          0         92   __printf_flags_ss_wp.o
        14          0          0          0          0         68   __printf_wp.o
         0          0          0          0          0          0   __rtentry.o
        12          0          0          0          0          0   __rtentry2.o
         6          0          0          0          0          0   __rtentry4.o
        52          8          0          0          0          0   __scatter.o
        28          0          0          0          0          0   __scatter_zi.o
         6          0          0          0          0          0   _printf_a.o
         6          0          0          0          0          0   _printf_c.o
        44          0          0          0          0        108   _printf_char.o
        48          6          0          0          0         96   _printf_char_common.o
        36          4          0          0          0         80   _printf_char_file.o
        40          0          0          0          0         68   _printf_charcount.o
         6          0          0          0          0          0   _printf_d.o
       120         16          0          0          0         92   _printf_dec.o
         6          0          0          0          0          0   _printf_e.o
         6          0          0          0          0          0   _printf_f.o
      1050          0          0          0          0        216   _printf_fp_dec.o
       128         16          0          0          0         84   _printf_fp_infnan.o
         6          0          0          0          0          0   _printf_g.o
       148          4         40          0          0        160   _printf_hex_int_ll_ptr.o
         6          0          0          0          0          0   _printf_i.o
       178          0          0          0          0         88   _printf_intcommon.o
        10          0          0          0          0          0   _printf_l.o
         6          0          0          0          0          0   _printf_lc.o
        10          0          0          0          0          0   _printf_ll.o
         6          0          0          0          0          0   _printf_lld.o
         6          0          0          0          0          0   _printf_lli.o
         6          0          0          0          0          0   _printf_llo.o
         6          0          0          0          0          0   _printf_llu.o
         6          0          0          0          0          0   _printf_llx.o
       124         16          0          0          0         92   _printf_longlong_dec.o
         6          0          0          0          0          0   _printf_ls.o
         6          0          0          0          0          0   _printf_n.o
         6          0          0          0          0          0   _printf_o.o
       112          8          0          0          0        124   _printf_oct_int_ll.o
         6          0          0          0          0          0   _printf_p.o
        78          0          0          0          0        108   _printf_pad.o
         0          0          0          0          0          0   _printf_percent.o
         4          0          0          0          0          0   _printf_percent_end.o
         6          0          0          0          0          0   _printf_s.o
        82          0          0          0          0         80   _printf_str.o
        36          0          0          0          0         84   _printf_truncate.o
         6          0          0          0          0          0   _printf_u.o
        44          0          0          0          0        108   _printf_wchar.o
       188          6          8          0          0         92   _printf_wctomb.o
         6          0          0          0          0          0   _printf_x.o
        10          0          0          0          0         68   _sputc.o
        64          0          0          0          0         92   _wcrtomb.o
       220          4        148          0          0         96   bigflt0.o
      1910        128          0          0          0        672   btod.o
        36          4          0          0          0         76   c89vsprintf.o
        12          0          0          0          0         72   exit.o
         8          0          0          0          0         68   ferror.o
         6          0          0          0          0        152   heapauxi.o
        44         10        272          0          0         76   lc_ctype_c.o
        44         10         28          0          0         76   lc_numeric_c.o
         2          0          0          0          0          0   libinit.o
        30          0          0          0          0          0   libinit2.o
         2          0          0          0          0          0   libshutdown.o
         2          0          0          0          0          0   libshutdown2.o
         8          4          0          0         96         68   libspace.o
       138          0          0          0          0         80   lludiv10.o
        16          4          0          0          0         76   rt_ctype_table.o
         8          4          0          0          0         68   rt_locale_intlibspace.o
         2          0          0          0          0          0   rtexit.o
        10          0          0          0          0          0   rtexit2.o
       128          0          0          0          0         68   strcmpv7m.o
        62          0          0          0          0         76   strlen.o
        36          0          0          0          0         80   strstr.o
        74          0          0          0          0         80   sys_stackheap_outer.o
         2          0          0          0          0         68   use_no_semi.o
         2          0          0          0          0         68   use_no_semi_2.o
        90          4          0          0          0         92   dfixu.o
        38          0          0          0          0         68   dflt_clz.o
       340         12          0          0          0        104   dmul.o
       156          4          0          0          0         92   dnaninf.o
        12          0          0          0          0         68   dretinf.o
        86          4          0          0          0         84   f2d.o
       430          8          0          0          0        168   faddsub_clz.o
       388         76          0          0          0         96   fdiv.o
        62          4          0          0          0         84   ffixu.o
        86          0          0          0          0        136   fflt_clz.o
       258          4          0          0          0         84   fmul.o
       140          4          0          0          0         84   fnaninf.o
        10          0          0          0          0         68   fretinf.o
         4          0          0          0          0         68   printf1.o
         0          0          0          0          0          0   usenofp.o
        40          0          0          0          0         68   fpclassify.o

    ----------------------------------------------------------------------
      8308        386        516          0         96       5620   Library Totals
        22          0          3          0          0          0   (incl. Padding)

    ----------------------------------------------------------------------

      Code (inc. data)   RO Data    RW Data    ZI Data      Debug   Library Name

      6146        266        513          0         96       4256   c_w.l
      2100        120          0          0          0       1296   fz_ws.l
        40          0          0          0          0         68   m_ws.l

    ----------------------------------------------------------------------
      8308        386        516          0         96       5620   Library Totals

    ----------------------------------------------------------------------

==============================================================================


      Code (inc. data)   RO Data    RW Data    ZI Data      Debug   

     33984       3194       7180        392       5064     391719   Grand Totals
     33984       3194       7180        120       5064     391719   ELF Image Totals (compressed)
     33984       3194       7180        120          0          0   ROM Totals

==============================================================================

    Total RO  Size (Code + RO Data)                41164 (  40.20kB)
    Total RW  Size (RW Data + ZI Data)              5456 (   5.33kB)
    Total ROM Size (Code + RO Data + RW Data)      41284 (  40.32kB)

==============================================================================

